19:12:04 **** Incremental Build of configuration Debug for project _LIB_DMX ****
make -j20 all 
arm-none-eabi-gcc "../Core/Src/main.c" -mcpu=cortex-m4 -std=gnu11 -DDEBUG -DUSE_HAL_DRIVER -DSTM32F446xx -c -I../Core/Inc -I../Drivers/STM32F4xx_HAL_Driver/Inc -I../Drivers/STM32F4xx_HAL_Driver/Inc/Legacy -I../Drivers/CMSIS/Device/ST/STM32F4xx/Include -I../Drivers/CMSIS/Include -O0 -ffunction-sections -fdata-sections -Wall -fstack-usage -fcyclomatic-complexity -MMD -MP -MF"Core/Src/main.d" -MT"Core/Src/main.o" --specs=nano.specs -mfpu=fpv4-sp-d16 -mfloat-abi=hard -mthumb -o "Core/Src/main.o"
../Core/Src/main.c: In function '_init_DMA':
../Core/Src/main.c:254:22: warning: assignment to 'uint32_t' {aka 'long unsigned int'} from 'volatile uint8_t *' {aka 'volatile unsigned char *'} makes integer from pointer without a cast [-Wint-conversion]
  254 |   DMA2_Stream7->M0AR = &outputStr[0];           // (11)
      |                      ^
../Core/Src/main.c: In function 'DMXHeadUpdate':
../Core/Src/main.c:359:37: warning: passing argument 1 of 'UART1DataTx' makes pointer from integer without a cast [-Wint-conversion]
  359 |         return (int8_t)UART1DataTx( *colors, numOfHead);        // (1)
      |                                     ^~~~~~~
      |                                     |
      |                                     uint8_t {aka unsigned char}
../Core/Src/main.c:297:31: note: expected 'uint8_t *' {aka 'unsigned char *'} but argument is of type 'uint8_t' {aka 'unsigned char'}
  297 | int32_t UART1DataTx( uint8_t *data, uint16_t buffSize)
      |                      ~~~~~~~~~^~~~
At top level:
../Core/Src/main.c:274:13: warning: 'DMADisable' defined but not used [-Wunused-function]
  274 | static void DMADisable( void )
      |             ^~~~~~~~~~
arm-none-eabi-gcc -o "_LIB_DMX.elf" @"objects.list"   -mcpu=cortex-m4 -T"D:\Projects\STP\Blender\Firmware\v1_20231222\Design Folder\_LIB_DMX\STM32F446RCTX_FLASH.ld" --specs=nosys.specs -Wl,-Map="_LIB_DMX.map" -Wl,--gc-sections -static --specs=nano.specs -mfpu=fpv4-sp-d16 -mfloat-abi=hard -mthumb -Wl,--start-group -lc -lm -Wl,--end-group
Finished building target: _LIB_DMX.elf
 
arm-none-eabi-size  _LIB_DMX.elf 
arm-none-eabi-objdump -h -S _LIB_DMX.elf  > "_LIB_DMX.list"
   text	   data	    bss	    dec	    hex	filename
   2132	     16	   1584	   3732	    e94	_LIB_DMX.elf
Finished building: default.size.stdout
 
Finished building: _LIB_DMX.list
 

19:12:05 Build Finished. 0 errors, 3 warnings. (took 458ms)

