22:32:10 **** Clean-only build of configuration Debug for project _FW_Blender ****
make -j20 clean 
rm -rf ./OS/FreeRTOS/Source/portable/MemMang/heap_4.cyclo ./OS/FreeRTOS/Source/portable/MemMang/heap_4.d ./OS/FreeRTOS/Source/portable/MemMang/heap_4.o ./OS/FreeRTOS/Source/portable/MemMang/heap_4.su
rm -rf ./OS/FreeRTOS/Source/portable/GCC/ARM_CM4_MPU/port.cyclo ./OS/FreeRTOS/Source/portable/GCC/ARM_CM4_MPU/port.d ./OS/FreeRTOS/Source/portable/GCC/ARM_CM4_MPU/port.o ./OS/FreeRTOS/Source/portable/GCC/ARM_CM4_MPU/port.su
rm -rf ./OS/FreeRTOS/Source/croutine.cyclo ./OS/FreeRTOS/Source/croutine.d ./OS/FreeRTOS/Source/croutine.o ./OS/FreeRTOS/Source/croutine.su ./OS/FreeRTOS/Source/event_groups.cyclo ./OS/FreeRTOS/Source/event_groups.d ./OS/FreeRTOS/Source/event_groups.o ./OS/FreeRTOS/Source/event_groups.su ./OS/FreeRTOS/Source/list.cyclo ./OS/FreeRTOS/Source/list.d ./OS/FreeRTOS/Source/list.o ./OS/FreeRTOS/Source/list.su ./OS/FreeRTOS/Source/queue.cyclo ./OS/FreeRTOS/Source/queue.d ./OS/FreeRTOS/Source/queue.o ./OS/FreeRTOS/Source/queue.su ./OS/FreeRTOS/Source/stream_buffer.cyclo ./OS/FreeRTOS/Source/stream_buffer.d ./OS/FreeRTOS/Source/stream_buffer.o ./OS/FreeRTOS/Source/stream_buffer.su ./OS/FreeRTOS/Source/task.cyclo ./OS/FreeRTOS/Source/task.d ./OS/FreeRTOS/Source/task.o ./OS/FreeRTOS/Source/task.su ./OS/FreeRTOS/Source/timers.cyclo ./OS/FreeRTOS/Source/timers.d ./OS/FreeRTOS/Source/timers.o ./OS/FreeRTOS/Source/timers.su
rm -rf ./Drivers/WS2812/_drv_WS2812.cyclo ./Drivers/WS2812/_drv_WS2812.d ./Drivers/WS2812/_drv_WS2812.o ./Drivers/WS2812/_drv_WS2812.su
rm -rf ./Drivers/VGA/_drv_VGA.cyclo ./Drivers/VGA/_drv_VGA.d ./Drivers/VGA/_drv_VGA.o ./Drivers/VGA/_drv_VGA.su
rm -rf ./Drivers/Toslink/_drv_Toslink.cyclo ./Drivers/Toslink/_drv_Toslink.d ./Drivers/Toslink/_drv_Toslink.o ./Drivers/Toslink/_drv_Toslink.su
rm -rf ./Drivers/STM32F4xx_HAL_Driver/Src/stm32f4xx_hal.cyclo ./Drivers/STM32F4xx_HAL_Driver/Src/stm32f4xx_hal.d ./Drivers/STM32F4xx_HAL_Driver/Src/stm32f4xx_hal.o ./Drivers/STM32F4xx_HAL_Driver/Src/stm32f4xx_hal.su ./Drivers/STM32F4xx_HAL_Driver/Src/stm32f4xx_hal_cortex.cyclo ./Drivers/STM32F4xx_HAL_Driver/Src/stm32f4xx_hal_cortex.d ./Drivers/STM32F4xx_HAL_Driver/Src/stm32f4xx_hal_cortex.o ./Drivers/STM32F4xx_HAL_Driver/Src/stm32f4xx_hal_cortex.su ./Drivers/STM32F4xx_HAL_Driver/Src/stm32f4xx_hal_dma.cyclo ./Drivers/STM32F4xx_HAL_Driver/Src/stm32f4xx_hal_dma.d ./Drivers/STM32F4xx_HAL_Driver/Src/stm32f4xx_hal_dma.o ./Drivers/STM32F4xx_HAL_Driver/Src/stm32f4xx_hal_dma.su ./Drivers/STM32F4xx_HAL_Driver/Src/stm32f4xx_hal_dma_ex.cyclo ./Drivers/STM32F4xx_HAL_Driver/Src/stm32f4xx_hal_dma_ex.d ./Drivers/STM32F4xx_HAL_Driver/Src/stm32f4xx_hal_dma_ex.o ./Drivers/STM32F4xx_HAL_Driver/Src/stm32f4xx_hal_dma_ex.su ./Drivers/STM32F4xx_HAL_Driver/Src/stm32f4xx_hal_exti.cyclo ./Drivers/STM32F4xx_HAL_Driver/Src/stm32f4xx_hal_exti.d ./Drivers/STM32F4xx_HAL_Driver/Src/stm32f4xx_hal_exti.o ./Drivers/STM32F4xx_HAL_Driver/Src/stm32f4xx_hal_exti.su ./Drivers/STM32F4xx_HAL_Driver/Src/stm32f4xx_hal_flash.cyclo ./Drivers/STM32F4xx_HAL_Driver/Src/stm32f4xx_hal_flash.d ./Drivers/STM32F4xx_HAL_Driver/Src/stm32f4xx_hal_flash.o ./Drivers/STM32F4xx_HAL_Driver/Src/stm32f4xx_hal_flash.su ./Drivers/STM32F4xx_HAL_Driver/Src/stm32f4xx_hal_flash_ex.cyclo ./Drivers/STM32F4xx_HAL_Driver/Src/stm32f4xx_hal_flash_ex.d ./Drivers/STM32F4xx_HAL_Driver/Src/stm32f4xx_hal_flash_ex.o ./Drivers/STM32F4xx_HAL_Driver/Src/stm32f4xx_hal_flash_ex.su ./Drivers/STM32F4xx_HAL_Driver/Src/stm32f4xx_hal_flash_ramfunc.cyclo ./Drivers/STM32F4xx_HAL_Driver/Src/stm32f4xx_hal_flash_ramfunc.d ./Drivers/STM32F4xx_HAL_Driver/Src/stm32f4xx_hal_flash_ramfunc.o ./Drivers/STM32F4xx_HAL_Driver/Src/stm32f4xx_hal_flash_ramfunc.su ./Drivers/STM32F4xx_HAL_Driver/Src/stm32f4xx_hal_gpio.cyclo ./Drivers/STM32F4xx_HAL_Driver/Src/stm32f4xx_hal_gpio.d ./Drivers/STM32F4xx_HAL_Driver/Src/stm32f4xx_hal_gpio.o ./Drivers/STM32F4xx_HAL_Driver/Src/stm32f4xx_hal_gpio.su ./Drivers/STM32F4xx_HAL_Driver/Src/stm32f4xx_hal_pwr.cyclo ./Drivers/STM32F4xx_HAL_Driver/Src/stm32f4xx_hal_pwr.d ./Drivers/STM32F4xx_HAL_Driver/Src/stm32f4xx_hal_pwr.o ./Drivers/STM32F4xx_HAL_Driver/Src/stm32f4xx_hal_pwr.su ./Drivers/STM32F4xx_HAL_Driver/Src/stm32f4xx_hal_pwr_ex.cyclo ./Drivers/STM32F4xx_HAL_Driver/Src/stm32f4xx_hal_pwr_ex.d ./Drivers/STM32F4xx_HAL_Driver/Src/stm32f4xx_hal_pwr_ex.o ./Drivers/STM32F4xx_HAL_Driver/Src/stm32f4xx_hal_pwr_ex.su ./Drivers/STM32F4xx_HAL_Driver/Src/stm32f4xx_hal_rcc.cyclo ./Drivers/STM32F4xx_HAL_Driver/Src/stm32f4xx_hal_rcc.d ./Drivers/STM32F4xx_HAL_Driver/Src/stm32f4xx_hal_rcc.o ./Drivers/STM32F4xx_HAL_Driver/Src/stm32f4xx_hal_rcc.su ./Drivers/STM32F4xx_HAL_Driver/Src/stm32f4xx_hal_rcc_ex.cyclo ./Drivers/STM32F4xx_HAL_Driver/Src/stm32f4xx_hal_rcc_ex.d ./Drivers/STM32F4xx_HAL_Driver/Src/stm32f4xx_hal_rcc_ex.o ./Drivers/STM32F4xx_HAL_Driver/Src/stm32f4xx_hal_rcc_ex.su
rm -rf ./Drivers/SSD1306/_drv_SSD1306.cyclo ./Drivers/SSD1306/_drv_SSD1306.d ./Drivers/SSD1306/_drv_SSD1306.o ./Drivers/SSD1306/_drv_SSD1306.su
rm -rf ./Drivers/Peripherals/_drv_peripherals.cyclo ./Drivers/Peripherals/_drv_peripherals.d ./Drivers/Peripherals/_drv_peripherals.o ./Drivers/Peripherals/_drv_peripherals.su
rm -rf ./Drivers/PCM1754/_drv_PCM1754.cyclo ./Drivers/PCM1754/_drv_PCM1754.d ./Drivers/PCM1754/_drv_PCM1754.o ./Drivers/PCM1754/_drv_PCM1754.su
rm -rf ./Drivers/PAM8003/_drv_PAM8003.cyclo ./Drivers/PAM8003/_drv_PAM8003.d ./Drivers/PAM8003/_drv_PAM8003.o ./Drivers/PAM8003/_drv_PAM8003.su
rm -rf ./Drivers/DMX/_drv_DMX.cyclo ./Drivers/DMX/_drv_DMX.d ./Drivers/DMX/_drv_DMX.o ./Drivers/DMX/_drv_DMX.su
rm -rf ./Core/Startup/startup_stm32f446rctx.d ./Core/Startup/startup_stm32f446rctx.o
rm -rf ./Core/Src/ISR.cyclo ./Core/Src/ISR.d ./Core/Src/ISR.o ./Core/Src/ISR.su ./Core/Src/main.cyclo ./Core/Src/main.d ./Core/Src/main.o ./Core/Src/main.su ./Core/Src/stm32f4xx_hal_msp.cyclo ./Core/Src/stm32f4xx_hal_msp.d ./Core/Src/stm32f4xx_hal_msp.o ./Core/Src/stm32f4xx_hal_msp.su ./Core/Src/syscalls.cyclo ./Core/Src/syscalls.d ./Core/Src/syscalls.o ./Core/Src/syscalls.su ./Core/Src/sysmem.cyclo ./Core/Src/sysmem.d ./Core/Src/sysmem.o ./Core/Src/sysmem.su ./Core/Src/system_stm32f4xx.cyclo ./Core/Src/system_stm32f4xx.d ./Core/Src/system_stm32f4xx.o ./Core/Src/system_stm32f4xx.su
rm -rf ./Core/Code\ Template\ Source.cyclo ./Core/Code\ Template\ Source.d ./Core/Code\ Template\ Source.o ./Core/Code\ Template\ Source.su
rm -rf ./App/Test/_app_test.cyclo ./App/Test/_app_test.d ./App/Test/_app_test.o ./App/Test/_app_test.su
rm -rf _FW_Blender.bin _FW_Blender.elf _FW_Blender.hex _FW_Blender.list _FW_Blender.map default.size.stdout
 
22:38:50 **** Build of configuration Debug for project _LIB_DMX ****
make -j20 all 
arm-none-eabi-gcc "../Core/Src/main.c" -mcpu=cortex-m4 -std=gnu11 -DDEBUG -DUSE_HAL_DRIVER -DSTM32F446xx -c -I../Core/Inc -I../Drivers/STM32F4xx_HAL_Driver/Inc -I../Drivers/STM32F4xx_HAL_Driver/Inc/Legacy -I../Drivers/CMSIS/Device/ST/STM32F4xx/Include -I../Drivers/CMSIS/Include -O0 -ffunction-sections -fdata-sections -Wall -fstack-usage -fcyclomatic-complexity -MMD -MP -MF"Core/Src/main.d" -MT"Core/Src/main.o" --specs=nano.specs -mfpu=fpv4-sp-d16 -mfloat-abi=hard -mthumb -o "Core/Src/main.o"
../Core/Src/main.c: In function '_init_DMA':
../Core/Src/main.c:258:22: warning: assignment to 'uint32_t' {aka 'long unsigned int'} from 'volatile uint8_t *' {aka 'volatile unsigned char *'} makes integer from pointer without a cast [-Wint-conversion]
  258 |   DMA2_Stream7->M0AR = &outputStr[0];           // (11)
      |                      ^
../Core/Src/main.c: In function 'DMXHeadUpdate':
../Core/Src/main.c:368:37: warning: passing argument 1 of 'UART1DataTx' makes pointer from integer without a cast [-Wint-conversion]
  368 |         return (int8_t)UART1DataTx( *colors, numOfHead);        // (1)
      |                                     ^~~~~~~
      |                                     |
      |                                     uint8_t {aka unsigned char}
../Core/Src/main.c:302:31: note: expected 'uint8_t *' {aka 'unsigned char *'} but argument is of type 'uint8_t' {aka 'unsigned char'}
  302 | int32_t UART1DataTx( uint8_t *data, uint16_t buffSize)
      |                      ~~~~~~~~~^~~~
At top level:
../Core/Src/main.c:278:13: warning: 'DMADisable' defined but not used [-Wunused-function]
  278 | static void DMADisable( void )
      |             ^~~~~~~~~~
arm-none-eabi-gcc -o "_LIB_DMX.elf" @"objects.list"   -mcpu=cortex-m4 -T"D:\Projects\STP\Blender\Firmware\v1_20231222\Design Folder\_LIB_DMX\STM32F446RCTX_FLASH.ld" --specs=nosys.specs -Wl,-Map="_LIB_DMX.map" -Wl,--gc-sections -static --specs=nano.specs -mfpu=fpv4-sp-d16 -mfloat-abi=hard -mthumb -Wl,--start-group -lc -lm -Wl,--end-group
Finished building target: _LIB_DMX.elf
 
arm-none-eabi-size  _LIB_DMX.elf 
arm-none-eabi-objdump -h -S _LIB_DMX.elf  > "_LIB_DMX.list"
   text	   data	    bss	    dec	    hex	filename
   2152	     16	   1584	   3752	    ea8	_LIB_DMX.elf
Finished building: default.size.stdout
 
Finished building: _LIB_DMX.list
 
22:41:46 **** Incremental Build of configuration Debug for project _LIB_DMX ****
make -j20 all 
arm-none-eabi-gcc "../Core/Src/main.c" -mcpu=cortex-m4 -std=gnu11 -DDEBUG -DUSE_HAL_DRIVER -DSTM32F446xx -c -I../Core/Inc -I../Drivers/STM32F4xx_HAL_Driver/Inc -I../Drivers/STM32F4xx_HAL_Driver/Inc/Legacy -I../Drivers/CMSIS/Device/ST/STM32F4xx/Include -I../Drivers/CMSIS/Include -O0 -ffunction-sections -fdata-sections -Wall -fstack-usage -fcyclomatic-complexity -MMD -MP -MF"Core/Src/main.d" -MT"Core/Src/main.o" --specs=nano.specs -mfpu=fpv4-sp-d16 -mfloat-abi=hard -mthumb -o "Core/Src/main.o"
../Core/Src/main.c: In function '_init_DMA':
../Core/Src/main.c:257:22: warning: assignment to 'uint32_t' {aka 'long unsigned int'} from 'uint8_t *' {aka 'unsigned char *'} makes integer from pointer without a cast [-Wint-conversion]
  257 |   DMA2_Stream7->M0AR = &outputStr[0];           // (11)
      |                      ^
../Core/Src/main.c: In function 'DMXHeadUpdate':
../Core/Src/main.c:367:37: warning: passing argument 1 of 'UART1DataTx' makes pointer from integer without a cast [-Wint-conversion]
  367 |         return (int8_t)UART1DataTx( *colors, numOfHead);        // (1)
      |                                     ^~~~~~~
      |                                     |
      |                                     uint8_t {aka unsigned char}
../Core/Src/main.c:301:31: note: expected 'uint8_t *' {aka 'unsigned char *'} but argument is of type 'uint8_t' {aka 'unsigned char'}
  301 | int32_t UART1DataTx( uint8_t *data, uint16_t buffSize)
      |                      ~~~~~~~~~^~~~
At top level:
../Core/Src/main.c:277:13: warning: 'DMADisable' defined but not used [-Wunused-function]
  277 | static void DMADisable( void )
      |             ^~~~~~~~~~
arm-none-eabi-gcc -o "_LIB_DMX.elf" @"objects.list"   -mcpu=cortex-m4 -T"D:\Projects\STP\Blender\Firmware\v1_20231222\Design Folder\_LIB_DMX\STM32F446RCTX_FLASH.ld" --specs=nosys.specs -Wl,-Map="_LIB_DMX.map" -Wl,--gc-sections -static --specs=nano.specs -mfpu=fpv4-sp-d16 -mfloat-abi=hard -mthumb -Wl,--start-group -lc -lm -Wl,--end-group
Finished building target: _LIB_DMX.elf
 
arm-none-eabi-size  _LIB_DMX.elf 
arm-none-eabi-objdump -h -S _LIB_DMX.elf  > "_LIB_DMX.list"
   text	   data	    bss	    dec	    hex	filename
   2152	     16	   1584	   3752	    ea8	_LIB_DMX.elf
Finished building: default.size.stdout
 
Finished building: _LIB_DMX.list
 
22:43:25 **** Incremental Build of configuration Debug for project _LIB_DMX ****
make -j20 all 
arm-none-eabi-gcc "../Core/Src/main.c" -mcpu=cortex-m4 -std=gnu11 -DDEBUG -DUSE_HAL_DRIVER -DSTM32F446xx -c -I../Core/Inc -I../Drivers/STM32F4xx_HAL_Driver/Inc -I../Drivers/STM32F4xx_HAL_Driver/Inc/Legacy -I../Drivers/CMSIS/Device/ST/STM32F4xx/Include -I../Drivers/CMSIS/Include -O0 -ffunction-sections -fdata-sections -Wall -fstack-usage -fcyclomatic-complexity -MMD -MP -MF"Core/Src/main.d" -MT"Core/Src/main.o" --specs=nano.specs -mfpu=fpv4-sp-d16 -mfloat-abi=hard -mthumb -o "Core/Src/main.o"
../Core/Src/main.c: In function '_init_DMA':
../Core/Src/main.c:257:22: warning: assignment to 'uint32_t' {aka 'long unsigned int'} from 'uint8_t *' {aka 'unsigned char *'} makes integer from pointer without a cast [-Wint-conversion]
  257 |   DMA2_Stream7->M0AR = &outputStr[0];           // (11)
      |                      ^
../Core/Src/main.c: In function 'DMXHeadUpdate':
../Core/Src/main.c:367:37: warning: passing argument 1 of 'UART1DataTx' makes pointer from integer without a cast [-Wint-conversion]
  367 |         return (int8_t)UART1DataTx( *colors, numOfHead);        // (1)
      |                                     ^~~~~~~
      |                                     |
      |                                     uint8_t {aka unsigned char}
../Core/Src/main.c:301:31: note: expected 'uint8_t *' {aka 'unsigned char *'} but argument is of type 'uint8_t' {aka 'unsigned char'}
  301 | int32_t UART1DataTx( uint8_t *data, uint16_t buffSize)
      |                      ~~~~~~~~~^~~~
At top level:
../Core/Src/main.c:277:13: warning: 'DMADisable' defined but not used [-Wunused-function]
  277 | static void DMADisable( void )
      |             ^~~~~~~~~~
arm-none-eabi-gcc -o "_LIB_DMX.elf" @"objects.list"   -mcpu=cortex-m4 -T"D:\Projects\STP\Blender\Firmware\v1_20231222\Design Folder\_LIB_DMX\STM32F446RCTX_FLASH.ld" --specs=nosys.specs -Wl,-Map="_LIB_DMX.map" -Wl,--gc-sections -static --specs=nano.specs -mfpu=fpv4-sp-d16 -mfloat-abi=hard -mthumb -Wl,--start-group -lc -lm -Wl,--end-group
Finished building target: _LIB_DMX.elf
 
arm-none-eabi-size  _LIB_DMX.elf 
arm-none-eabi-objdump -h -S _LIB_DMX.elf  > "_LIB_DMX.list"
   text	   data	    bss	    dec	    hex	filename
   1800	     16	   1576	   3392	    d40	_LIB_DMX.elf
Finished building: default.size.stdout
 
Finished building: _LIB_DMX.list
 
22:46:26 **** Incremental Build of configuration Debug for project _LIB_DMX ****
make -j20 all 
arm-none-eabi-gcc "../Core/Src/main.c" -mcpu=cortex-m4 -std=gnu11 -DDEBUG -DUSE_HAL_DRIVER -DSTM32F446xx -c -I../Core/Inc -I../Drivers/STM32F4xx_HAL_Driver/Inc -I../Drivers/STM32F4xx_HAL_Driver/Inc/Legacy -I../Drivers/CMSIS/Device/ST/STM32F4xx/Include -I../Drivers/CMSIS/Include -O0 -ffunction-sections -fdata-sections -Wall -fstack-usage -fcyclomatic-complexity -MMD -MP -MF"Core/Src/main.d" -MT"Core/Src/main.o" --specs=nano.specs -mfpu=fpv4-sp-d16 -mfloat-abi=hard -mthumb -o "Core/Src/main.o"
../Core/Src/main.c: In function '_init_DMA':
../Core/Src/main.c:257:22: warning: assignment to 'uint32_t' {aka 'long unsigned int'} from 'uint8_t *' {aka 'unsigned char *'} makes integer from pointer without a cast [-Wint-conversion]
  257 |   DMA2_Stream7->M0AR = &outputStr[0];           // (11)
      |                      ^
../Core/Src/main.c: In function 'DMXHeadUpdate':
../Core/Src/main.c:367:37: warning: passing argument 1 of 'UART1DataTx' makes pointer from integer without a cast [-Wint-conversion]
  367 |         return (int8_t)UART1DataTx( *colors, numOfHead);        // (1)
      |                                     ^~~~~~~
      |                                     |
      |                                     uint8_t {aka unsigned char}
../Core/Src/main.c:301:31: note: expected 'uint8_t *' {aka 'unsigned char *'} but argument is of type 'uint8_t' {aka 'unsigned char'}
  301 | int32_t UART1DataTx( uint8_t *data, uint16_t buffSize)
      |                      ~~~~~~~~~^~~~
At top level:
../Core/Src/main.c:277:13: warning: 'DMADisable' defined but not used [-Wunused-function]
  277 | static void DMADisable( void )
      |             ^~~~~~~~~~
../Core/Src/main.c: In function '_init_DMX':
../Core/Src/main.c:343:60: warning: 'dmx_ch_1.dmx_head[<unknown>].colorRed' is used uninitialized [-Wuninitialized]
  343 |   dmx_ch_1.dmx_head[cnt].colorRed = (dmx_ch_1.dmx_head[cnt].colorRed << 1) | DMX_CONSTANT_VALUE_R;      // (3)
      |                                      ~~~~~~~~~~~~~~~~~~~~~~^~~~~~~~~
../Core/Src/main.c:339:22: note: 'dmx_ch_1' declared here
  339 |   struct dmx_channel dmx_ch_1;
      |                      ^~~~~~~~
../Core/Src/main.c:344:62: warning: 'dmx_ch_1.dmx_head[<unknown>].colorGreen' is used uninitialized [-Wuninitialized]
  344 |   dmx_ch_1.dmx_head[cnt].colorGreen = (dmx_ch_1.dmx_head[cnt].colorGreen << 1) | DMX_CONSTANT_VALUE_G;  // (4)
      |                                        ~~~~~~~~~~~~~~~~~~~~~~^~~~~~~~~~~
../Core/Src/main.c:339:22: note: 'dmx_ch_1' declared here
  339 |   struct dmx_channel dmx_ch_1;
      |                      ^~~~~~~~
../Core/Src/main.c:345:61: warning: 'dmx_ch_1.dmx_head[<unknown>].colorBlue' is used uninitialized [-Wuninitialized]
  345 |   dmx_ch_1.dmx_head[cnt].colorBlue = (dmx_ch_1.dmx_head[cnt].colorBlue << 1) | DMX_CONSTANT_VALUE_B;    // (5)
      |                                       ~~~~~~~~~~~~~~~~~~~~~~^~~~~~~~~~
../Core/Src/main.c:339:22: note: 'dmx_ch_1' declared here
  339 |   struct dmx_channel dmx_ch_1;
      |                      ^~~~~~~~
arm-none-eabi-gcc -o "_LIB_DMX.elf" @"objects.list"   -mcpu=cortex-m4 -T"D:\Projects\STP\Blender\Firmware\v1_20231222\Design Folder\_LIB_DMX\STM32F446RCTX_FLASH.ld" --specs=nosys.specs -Wl,-Map="_LIB_DMX.map" -Wl,--gc-sections -static --specs=nano.specs -mfpu=fpv4-sp-d16 -mfloat-abi=hard -mthumb -Wl,--start-group -lc -lm -Wl,--end-group
Finished building target: _LIB_DMX.elf
 
arm-none-eabi-size  _LIB_DMX.elf 
arm-none-eabi-objdump -h -S _LIB_DMX.elf  > "_LIB_DMX.list"
   text	   data	    bss	    dec	    hex	filename
   2148	     16	   1576	   3740	    e9c	_LIB_DMX.elf
Finished building: default.size.stdout
 
Finished building: _LIB_DMX.list
 
22:47:37 **** Incremental Build of configuration Debug for project _LIB_DMX ****
make -j20 all 
arm-none-eabi-gcc "../Core/Src/main.c" -mcpu=cortex-m4 -std=gnu11 -DDEBUG -DUSE_HAL_DRIVER -DSTM32F446xx -c -I../Core/Inc -I../Drivers/STM32F4xx_HAL_Driver/Inc -I../Drivers/STM32F4xx_HAL_Driver/Inc/Legacy -I../Drivers/CMSIS/Device/ST/STM32F4xx/Include -I../Drivers/CMSIS/Include -O0 -ffunction-sections -fdata-sections -Wall -fstack-usage -fcyclomatic-complexity -MMD -MP -MF"Core/Src/main.d" -MT"Core/Src/main.o" --specs=nano.specs -mfpu=fpv4-sp-d16 -mfloat-abi=hard -mthumb -o "Core/Src/main.o"
../Core/Src/main.c: In function '_init_DMA':
../Core/Src/main.c:257:22: warning: assignment to 'uint32_t' {aka 'long unsigned int'} from 'uint8_t *' {aka 'unsigned char *'} makes integer from pointer without a cast [-Wint-conversion]
  257 |   DMA2_Stream7->M0AR = &outputStr[0];           // (11)
      |                      ^
../Core/Src/main.c: In function 'DMXHeadUpdate':
../Core/Src/main.c:369:37: warning: passing argument 1 of 'UART1DataTx' makes pointer from integer without a cast [-Wint-conversion]
  369 |         return (int8_t)UART1DataTx( *colors, numOfHead);        // (1)
      |                                     ^~~~~~~
      |                                     |
      |                                     uint8_t {aka unsigned char}
../Core/Src/main.c:301:31: note: expected 'uint8_t *' {aka 'unsigned char *'} but argument is of type 'uint8_t' {aka 'unsigned char'}
  301 | int32_t UART1DataTx( uint8_t *data, uint16_t buffSize)
      |                      ~~~~~~~~~^~~~
At top level:
../Core/Src/main.c:277:13: warning: 'DMADisable' defined but not used [-Wunused-function]
  277 | static void DMADisable( void )
      |             ^~~~~~~~~~
../Core/Src/main.c: In function '_init_DMX':
../Core/Src/main.c:355:60: warning: 'dmx_ch_1.dmx_head[<unknown>].colorRed' may be used uninitialized [-Wmaybe-uninitialized]
  355 |   dmx_ch_1.dmx_head[cnt].colorRed = (dmx_ch_1.dmx_head[cnt].colorRed << 1) | DMX_CONSTANT_VALUE_R;      // (3)
      |                                      ~~~~~~~~~~~~~~~~~~~~~~^~~~~~~~~
../Core/Src/main.c:339:22: note: 'dmx_ch_1' declared here
  339 |   struct dmx_channel dmx_ch_1;
      |                      ^~~~~~~~
../Core/Src/main.c:356:62: warning: 'dmx_ch_1.dmx_head[<unknown>].colorGreen' may be used uninitialized [-Wmaybe-uninitialized]
  356 |   dmx_ch_1.dmx_head[cnt].colorGreen = (dmx_ch_1.dmx_head[cnt].colorGreen << 1) | DMX_CONSTANT_VALUE_G;  // (4)
      |                                        ~~~~~~~~~~~~~~~~~~~~~~^~~~~~~~~~~
../Core/Src/main.c:339:22: note: 'dmx_ch_1' declared here
  339 |   struct dmx_channel dmx_ch_1;
      |                      ^~~~~~~~
../Core/Src/main.c:357:61: warning: 'dmx_ch_1.dmx_head[<unknown>].colorBlue' may be used uninitialized [-Wmaybe-uninitialized]
  357 |   dmx_ch_1.dmx_head[cnt].colorBlue = (dmx_ch_1.dmx_head[cnt].colorBlue << 1) | DMX_CONSTANT_VALUE_B;    // (5)
      |                                       ~~~~~~~~~~~~~~~~~~~~~~^~~~~~~~~~
../Core/Src/main.c:339:22: note: 'dmx_ch_1' declared here
  339 |   struct dmx_channel dmx_ch_1;
      |                      ^~~~~~~~
arm-none-eabi-gcc -o "_LIB_DMX.elf" @"objects.list"   -mcpu=cortex-m4 -T"D:\Projects\STP\Blender\Firmware\v1_20231222\Design Folder\_LIB_DMX\STM32F446RCTX_FLASH.ld" --specs=nosys.specs -Wl,-Map="_LIB_DMX.map" -Wl,--gc-sections -static --specs=nano.specs -mfpu=fpv4-sp-d16 -mfloat-abi=hard -mthumb -Wl,--start-group -lc -lm -Wl,--end-group
Finished building target: _LIB_DMX.elf
 
arm-none-eabi-size  _LIB_DMX.elf 
arm-none-eabi-objdump -h -S _LIB_DMX.elf  > "_LIB_DMX.list"
   text	   data	    bss	    dec	    hex	filename
   2148	     20	   1572	   3740	    e9c	_LIB_DMX.elf
Finished building: default.size.stdout
 
Finished building: _LIB_DMX.list
 
22:48:04 **** Clean-only build of configuration Debug for project _LIB_DMX ****
make -j20 clean 
rm -rf ./Drivers/STM32F4xx_HAL_Driver/Src/stm32f4xx_hal.cyclo ./Drivers/STM32F4xx_HAL_Driver/Src/stm32f4xx_hal.d ./Drivers/STM32F4xx_HAL_Driver/Src/stm32f4xx_hal.o ./Drivers/STM32F4xx_HAL_Driver/Src/stm32f4xx_hal.su ./Drivers/STM32F4xx_HAL_Driver/Src/stm32f4xx_hal_cortex.cyclo ./Drivers/STM32F4xx_HAL_Driver/Src/stm32f4xx_hal_cortex.d ./Drivers/STM32F4xx_HAL_Driver/Src/stm32f4xx_hal_cortex.o ./Drivers/STM32F4xx_HAL_Driver/Src/stm32f4xx_hal_cortex.su ./Drivers/STM32F4xx_HAL_Driver/Src/stm32f4xx_hal_dma.cyclo ./Drivers/STM32F4xx_HAL_Driver/Src/stm32f4xx_hal_dma.d ./Drivers/STM32F4xx_HAL_Driver/Src/stm32f4xx_hal_dma.o ./Drivers/STM32F4xx_HAL_Driver/Src/stm32f4xx_hal_dma.su ./Drivers/STM32F4xx_HAL_Driver/Src/stm32f4xx_hal_dma_ex.cyclo ./Drivers/STM32F4xx_HAL_Driver/Src/stm32f4xx_hal_dma_ex.d ./Drivers/STM32F4xx_HAL_Driver/Src/stm32f4xx_hal_dma_ex.o ./Drivers/STM32F4xx_HAL_Driver/Src/stm32f4xx_hal_dma_ex.su ./Drivers/STM32F4xx_HAL_Driver/Src/stm32f4xx_hal_exti.cyclo ./Drivers/STM32F4xx_HAL_Driver/Src/stm32f4xx_hal_exti.d ./Drivers/STM32F4xx_HAL_Driver/Src/stm32f4xx_hal_exti.o ./Drivers/STM32F4xx_HAL_Driver/Src/stm32f4xx_hal_exti.su ./Drivers/STM32F4xx_HAL_Driver/Src/stm32f4xx_hal_flash.cyclo ./Drivers/STM32F4xx_HAL_Driver/Src/stm32f4xx_hal_flash.d ./Drivers/STM32F4xx_HAL_Driver/Src/stm32f4xx_hal_flash.o ./Drivers/STM32F4xx_HAL_Driver/Src/stm32f4xx_hal_flash.su ./Drivers/STM32F4xx_HAL_Driver/Src/stm32f4xx_hal_flash_ex.cyclo ./Drivers/STM32F4xx_HAL_Driver/Src/stm32f4xx_hal_flash_ex.d ./Drivers/STM32F4xx_HAL_Driver/Src/stm32f4xx_hal_flash_ex.o ./Drivers/STM32F4xx_HAL_Driver/Src/stm32f4xx_hal_flash_ex.su ./Drivers/STM32F4xx_HAL_Driver/Src/stm32f4xx_hal_flash_ramfunc.cyclo ./Drivers/STM32F4xx_HAL_Driver/Src/stm32f4xx_hal_flash_ramfunc.d ./Drivers/STM32F4xx_HAL_Driver/Src/stm32f4xx_hal_flash_ramfunc.o ./Drivers/STM32F4xx_HAL_Driver/Src/stm32f4xx_hal_flash_ramfunc.su ./Drivers/STM32F4xx_HAL_Driver/Src/stm32f4xx_hal_gpio.cyclo ./Drivers/STM32F4xx_HAL_Driver/Src/stm32f4xx_hal_gpio.d ./Drivers/STM32F4xx_HAL_Driver/Src/stm32f4xx_hal_gpio.o ./Drivers/STM32F4xx_HAL_Driver/Src/stm32f4xx_hal_gpio.su ./Drivers/STM32F4xx_HAL_Driver/Src/stm32f4xx_hal_pwr.cyclo ./Drivers/STM32F4xx_HAL_Driver/Src/stm32f4xx_hal_pwr.d ./Drivers/STM32F4xx_HAL_Driver/Src/stm32f4xx_hal_pwr.o ./Drivers/STM32F4xx_HAL_Driver/Src/stm32f4xx_hal_pwr.su ./Drivers/STM32F4xx_HAL_Driver/Src/stm32f4xx_hal_pwr_ex.cyclo ./Drivers/STM32F4xx_HAL_Driver/Src/stm32f4xx_hal_pwr_ex.d ./Drivers/STM32F4xx_HAL_Driver/Src/stm32f4xx_hal_pwr_ex.o ./Drivers/STM32F4xx_HAL_Driver/Src/stm32f4xx_hal_pwr_ex.su ./Drivers/STM32F4xx_HAL_Driver/Src/stm32f4xx_hal_rcc.cyclo ./Drivers/STM32F4xx_HAL_Driver/Src/stm32f4xx_hal_rcc.d ./Drivers/STM32F4xx_HAL_Driver/Src/stm32f4xx_hal_rcc.o ./Drivers/STM32F4xx_HAL_Driver/Src/stm32f4xx_hal_rcc.su ./Drivers/STM32F4xx_HAL_Driver/Src/stm32f4xx_hal_rcc_ex.cyclo ./Drivers/STM32F4xx_HAL_Driver/Src/stm32f4xx_hal_rcc_ex.d ./Drivers/STM32F4xx_HAL_Driver/Src/stm32f4xx_hal_rcc_ex.o ./Drivers/STM32F4xx_HAL_Driver/Src/stm32f4xx_hal_rcc_ex.su
rm -rf ./Core/Startup/startup_stm32f446rctx.d ./Core/Startup/startup_stm32f446rctx.o
rm -rf ./Core/Src/main.cyclo ./Core/Src/main.d ./Core/Src/main.o ./Core/Src/main.su ./Core/Src/stm32f4xx_hal_msp.cyclo ./Core/Src/stm32f4xx_hal_msp.d ./Core/Src/stm32f4xx_hal_msp.o ./Core/Src/stm32f4xx_hal_msp.su ./Core/Src/stm32f4xx_it.cyclo ./Core/Src/stm32f4xx_it.d ./Core/Src/stm32f4xx_it.o ./Core/Src/stm32f4xx_it.su ./Core/Src/syscalls.cyclo ./Core/Src/syscalls.d ./Core/Src/syscalls.o ./Core/Src/syscalls.su ./Core/Src/sysmem.cyclo ./Core/Src/sysmem.d ./Core/Src/sysmem.o ./Core/Src/sysmem.su ./Core/Src/system_stm32f4xx.cyclo ./Core/Src/system_stm32f4xx.d ./Core/Src/system_stm32f4xx.o ./Core/Src/system_stm32f4xx.su
rm -rf _LIB_DMX.elf _LIB_DMX.list _LIB_DMX.map default.size.stdout
 
22:48:06 **** Build of configuration Debug for project _LIB_DMX ****
make -j20 all 
arm-none-eabi-gcc "../Drivers/STM32F4xx_HAL_Driver/Src/stm32f4xx_hal.c" -mcpu=cortex-m4 -std=gnu11 -DDEBUG -DUSE_HAL_DRIVER -DSTM32F446xx -c -I../Core/Inc -I../Drivers/STM32F4xx_HAL_Driver/Inc -I../Drivers/STM32F4xx_HAL_Driver/Inc/Legacy -I../Drivers/CMSIS/Device/ST/STM32F4xx/Include -I../Drivers/CMSIS/Include -O0 -ffunction-sections -fdata-sections -Wall -fstack-usage -fcyclomatic-complexity -MMD -MP -MF"Drivers/STM32F4xx_HAL_Driver/Src/stm32f4xx_hal.d" -MT"Drivers/STM32F4xx_HAL_Driver/Src/stm32f4xx_hal.o" --specs=nano.specs -mfpu=fpv4-sp-d16 -mfloat-abi=hard -mthumb -o "Drivers/STM32F4xx_HAL_Driver/Src/stm32f4xx_hal.o"
arm-none-eabi-gcc "../Drivers/STM32F4xx_HAL_Driver/Src/stm32f4xx_hal_cortex.c" -mcpu=cortex-m4 -std=gnu11 -DDEBUG -DUSE_HAL_DRIVER -DSTM32F446xx -c -I../Core/Inc -I../Drivers/STM32F4xx_HAL_Driver/Inc -I../Drivers/STM32F4xx_HAL_Driver/Inc/Legacy -I../Drivers/CMSIS/Device/ST/STM32F4xx/Include -I../Drivers/CMSIS/Include -O0 -ffunction-sections -fdata-sections -Wall -fstack-usage -fcyclomatic-complexity -MMD -MP -MF"Drivers/STM32F4xx_HAL_Driver/Src/stm32f4xx_hal_cortex.d" -MT"Drivers/STM32F4xx_HAL_Driver/Src/stm32f4xx_hal_cortex.o" --specs=nano.specs -mfpu=fpv4-sp-d16 -mfloat-abi=hard -mthumb -o "Drivers/STM32F4xx_HAL_Driver/Src/stm32f4xx_hal_cortex.o"
arm-none-eabi-gcc "../Drivers/STM32F4xx_HAL_Driver/Src/stm32f4xx_hal_dma.c" -mcpu=cortex-m4 -std=gnu11 -DDEBUG -DUSE_HAL_DRIVER -DSTM32F446xx -c -I../Core/Inc -I../Drivers/STM32F4xx_HAL_Driver/Inc -I../Drivers/STM32F4xx_HAL_Driver/Inc/Legacy -I../Drivers/CMSIS/Device/ST/STM32F4xx/Include -I../Drivers/CMSIS/Include -O0 -ffunction-sections -fdata-sections -Wall -fstack-usage -fcyclomatic-complexity -MMD -MP -MF"Drivers/STM32F4xx_HAL_Driver/Src/stm32f4xx_hal_dma.d" -MT"Drivers/STM32F4xx_HAL_Driver/Src/stm32f4xx_hal_dma.o" --specs=nano.specs -mfpu=fpv4-sp-d16 -mfloat-abi=hard -mthumb -o "Drivers/STM32F4xx_HAL_Driver/Src/stm32f4xx_hal_dma.o"
arm-none-eabi-gcc "../Drivers/STM32F4xx_HAL_Driver/Src/stm32f4xx_hal_dma_ex.c" -mcpu=cortex-m4 -std=gnu11 -DDEBUG -DUSE_HAL_DRIVER -DSTM32F446xx -c -I../Core/Inc -I../Drivers/STM32F4xx_HAL_Driver/Inc -I../Drivers/STM32F4xx_HAL_Driver/Inc/Legacy -I../Drivers/CMSIS/Device/ST/STM32F4xx/Include -I../Drivers/CMSIS/Include -O0 -ffunction-sections -fdata-sections -Wall -fstack-usage -fcyclomatic-complexity -MMD -MP -MF"Drivers/STM32F4xx_HAL_Driver/Src/stm32f4xx_hal_dma_ex.d" -MT"Drivers/STM32F4xx_HAL_Driver/Src/stm32f4xx_hal_dma_ex.o" --specs=nano.specs -mfpu=fpv4-sp-d16 -mfloat-abi=hard -mthumb -o "Drivers/STM32F4xx_HAL_Driver/Src/stm32f4xx_hal_dma_ex.o"
arm-none-eabi-gcc "../Drivers/STM32F4xx_HAL_Driver/Src/stm32f4xx_hal_exti.c" -mcpu=cortex-m4 -std=gnu11 -DDEBUG -DUSE_HAL_DRIVER -DSTM32F446xx -c -I../Core/Inc -I../Drivers/STM32F4xx_HAL_Driver/Inc -I../Drivers/STM32F4xx_HAL_Driver/Inc/Legacy -I../Drivers/CMSIS/Device/ST/STM32F4xx/Include -I../Drivers/CMSIS/Include -O0 -ffunction-sections -fdata-sections -Wall -fstack-usage -fcyclomatic-complexity -MMD -MP -MF"Drivers/STM32F4xx_HAL_Driver/Src/stm32f4xx_hal_exti.d" -MT"Drivers/STM32F4xx_HAL_Driver/Src/stm32f4xx_hal_exti.o" --specs=nano.specs -mfpu=fpv4-sp-d16 -mfloat-abi=hard -mthumb -o "Drivers/STM32F4xx_HAL_Driver/Src/stm32f4xx_hal_exti.o"
arm-none-eabi-gcc "../Drivers/STM32F4xx_HAL_Driver/Src/stm32f4xx_hal_flash.c" -mcpu=cortex-m4 -std=gnu11 -DDEBUG -DUSE_HAL_DRIVER -DSTM32F446xx -c -I../Core/Inc -I../Drivers/STM32F4xx_HAL_Driver/Inc -I../Drivers/STM32F4xx_HAL_Driver/Inc/Legacy -I../Drivers/CMSIS/Device/ST/STM32F4xx/Include -I../Drivers/CMSIS/Include -O0 -ffunction-sections -fdata-sections -Wall -fstack-usage -fcyclomatic-complexity -MMD -MP -MF"Drivers/STM32F4xx_HAL_Driver/Src/stm32f4xx_hal_flash.d" -MT"Drivers/STM32F4xx_HAL_Driver/Src/stm32f4xx_hal_flash.o" --specs=nano.specs -mfpu=fpv4-sp-d16 -mfloat-abi=hard -mthumb -o "Drivers/STM32F4xx_HAL_Driver/Src/stm32f4xx_hal_flash.o"
arm-none-eabi-gcc "../Drivers/STM32F4xx_HAL_Driver/Src/stm32f4xx_hal_flash_ex.c" -mcpu=cortex-m4 -std=gnu11 -DDEBUG -DUSE_HAL_DRIVER -DSTM32F446xx -c -I../Core/Inc -I../Drivers/STM32F4xx_HAL_Driver/Inc -I../Drivers/STM32F4xx_HAL_Driver/Inc/Legacy -I../Drivers/CMSIS/Device/ST/STM32F4xx/Include -I../Drivers/CMSIS/Include -O0 -ffunction-sections -fdata-sections -Wall -fstack-usage -fcyclomatic-complexity -MMD -MP -MF"Drivers/STM32F4xx_HAL_Driver/Src/stm32f4xx_hal_flash_ex.d" -MT"Drivers/STM32F4xx_HAL_Driver/Src/stm32f4xx_hal_flash_ex.o" --specs=nano.specs -mfpu=fpv4-sp-d16 -mfloat-abi=hard -mthumb -o "Drivers/STM32F4xx_HAL_Driver/Src/stm32f4xx_hal_flash_ex.o"
arm-none-eabi-gcc "../Drivers/STM32F4xx_HAL_Driver/Src/stm32f4xx_hal_flash_ramfunc.c" -mcpu=cortex-m4 -std=gnu11 -DDEBUG -DUSE_HAL_DRIVER -DSTM32F446xx -c -I../Core/Inc -I../Drivers/STM32F4xx_HAL_Driver/Inc -I../Drivers/STM32F4xx_HAL_Driver/Inc/Legacy -I../Drivers/CMSIS/Device/ST/STM32F4xx/Include -I../Drivers/CMSIS/Include -O0 -ffunction-sections -fdata-sections -Wall -fstack-usage -fcyclomatic-complexity -MMD -MP -MF"Drivers/STM32F4xx_HAL_Driver/Src/stm32f4xx_hal_flash_ramfunc.d" -MT"Drivers/STM32F4xx_HAL_Driver/Src/stm32f4xx_hal_flash_ramfunc.o" --specs=nano.specs -mfpu=fpv4-sp-d16 -mfloat-abi=hard -mthumb -o "Drivers/STM32F4xx_HAL_Driver/Src/stm32f4xx_hal_flash_ramfunc.o"
arm-none-eabi-gcc "../Drivers/STM32F4xx_HAL_Driver/Src/stm32f4xx_hal_gpio.c" -mcpu=cortex-m4 -std=gnu11 -DDEBUG -DUSE_HAL_DRIVER -DSTM32F446xx -c -I../Core/Inc -I../Drivers/STM32F4xx_HAL_Driver/Inc -I../Drivers/STM32F4xx_HAL_Driver/Inc/Legacy -I../Drivers/CMSIS/Device/ST/STM32F4xx/Include -I../Drivers/CMSIS/Include -O0 -ffunction-sections -fdata-sections -Wall -fstack-usage -fcyclomatic-complexity -MMD -MP -MF"Drivers/STM32F4xx_HAL_Driver/Src/stm32f4xx_hal_gpio.d" -MT"Drivers/STM32F4xx_HAL_Driver/Src/stm32f4xx_hal_gpio.o" --specs=nano.specs -mfpu=fpv4-sp-d16 -mfloat-abi=hard -mthumb -o "Drivers/STM32F4xx_HAL_Driver/Src/stm32f4xx_hal_gpio.o"
arm-none-eabi-gcc "../Drivers/STM32F4xx_HAL_Driver/Src/stm32f4xx_hal_pwr.c" -mcpu=cortex-m4 -std=gnu11 -DDEBUG -DUSE_HAL_DRIVER -DSTM32F446xx -c -I../Core/Inc -I../Drivers/STM32F4xx_HAL_Driver/Inc -I../Drivers/STM32F4xx_HAL_Driver/Inc/Legacy -I../Drivers/CMSIS/Device/ST/STM32F4xx/Include -I../Drivers/CMSIS/Include -O0 -ffunction-sections -fdata-sections -Wall -fstack-usage -fcyclomatic-complexity -MMD -MP -MF"Drivers/STM32F4xx_HAL_Driver/Src/stm32f4xx_hal_pwr.d" -MT"Drivers/STM32F4xx_HAL_Driver/Src/stm32f4xx_hal_pwr.o" --specs=nano.specs -mfpu=fpv4-sp-d16 -mfloat-abi=hard -mthumb -o "Drivers/STM32F4xx_HAL_Driver/Src/stm32f4xx_hal_pwr.o"
arm-none-eabi-gcc "../Drivers/STM32F4xx_HAL_Driver/Src/stm32f4xx_hal_pwr_ex.c" -mcpu=cortex-m4 -std=gnu11 -DDEBUG -DUSE_HAL_DRIVER -DSTM32F446xx -c -I../Core/Inc -I../Drivers/STM32F4xx_HAL_Driver/Inc -I../Drivers/STM32F4xx_HAL_Driver/Inc/Legacy -I../Drivers/CMSIS/Device/ST/STM32F4xx/Include -I../Drivers/CMSIS/Include -O0 -ffunction-sections -fdata-sections -Wall -fstack-usage -fcyclomatic-complexity -MMD -MP -MF"Drivers/STM32F4xx_HAL_Driver/Src/stm32f4xx_hal_pwr_ex.d" -MT"Drivers/STM32F4xx_HAL_Driver/Src/stm32f4xx_hal_pwr_ex.o" --specs=nano.specs -mfpu=fpv4-sp-d16 -mfloat-abi=hard -mthumb -o "Drivers/STM32F4xx_HAL_Driver/Src/stm32f4xx_hal_pwr_ex.o"
arm-none-eabi-gcc "../Drivers/STM32F4xx_HAL_Driver/Src/stm32f4xx_hal_rcc.c" -mcpu=cortex-m4 -std=gnu11 -DDEBUG -DUSE_HAL_DRIVER -DSTM32F446xx -c -I../Core/Inc -I../Drivers/STM32F4xx_HAL_Driver/Inc -I../Drivers/STM32F4xx_HAL_Driver/Inc/Legacy -I../Drivers/CMSIS/Device/ST/STM32F4xx/Include -I../Drivers/CMSIS/Include -O0 -ffunction-sections -fdata-sections -Wall -fstack-usage -fcyclomatic-complexity -MMD -MP -MF"Drivers/STM32F4xx_HAL_Driver/Src/stm32f4xx_hal_rcc.d" -MT"Drivers/STM32F4xx_HAL_Driver/Src/stm32f4xx_hal_rcc.o" --specs=nano.specs -mfpu=fpv4-sp-d16 -mfloat-abi=hard -mthumb -o "Drivers/STM32F4xx_HAL_Driver/Src/stm32f4xx_hal_rcc.o"
arm-none-eabi-gcc "../Drivers/STM32F4xx_HAL_Driver/Src/stm32f4xx_hal_rcc_ex.c" -mcpu=cortex-m4 -std=gnu11 -DDEBUG -DUSE_HAL_DRIVER -DSTM32F446xx -c -I../Core/Inc -I../Drivers/STM32F4xx_HAL_Driver/Inc -I../Drivers/STM32F4xx_HAL_Driver/Inc/Legacy -I../Drivers/CMSIS/Device/ST/STM32F4xx/Include -I../Drivers/CMSIS/Include -O0 -ffunction-sections -fdata-sections -Wall -fstack-usage -fcyclomatic-complexity -MMD -MP -MF"Drivers/STM32F4xx_HAL_Driver/Src/stm32f4xx_hal_rcc_ex.d" -MT"Drivers/STM32F4xx_HAL_Driver/Src/stm32f4xx_hal_rcc_ex.o" --specs=nano.specs -mfpu=fpv4-sp-d16 -mfloat-abi=hard -mthumb -o "Drivers/STM32F4xx_HAL_Driver/Src/stm32f4xx_hal_rcc_ex.o"
arm-none-eabi-gcc -mcpu=cortex-m4 -DDEBUG -c -x assembler-with-cpp -MMD -MP -MF"Core/Startup/startup_stm32f446rctx.d" -MT"Core/Startup/startup_stm32f446rctx.o" --specs=nano.specs -mfpu=fpv4-sp-d16 -mfloat-abi=hard -mthumb -o "Core/Startup/startup_stm32f446rctx.o" "../Core/Startup/startup_stm32f446rctx.s"
arm-none-eabi-gcc "../Core/Src/main.c" -mcpu=cortex-m4 -std=gnu11 -DDEBUG -DUSE_HAL_DRIVER -DSTM32F446xx -c -I../Core/Inc -I../Drivers/STM32F4xx_HAL_Driver/Inc -I../Drivers/STM32F4xx_HAL_Driver/Inc/Legacy -I../Drivers/CMSIS/Device/ST/STM32F4xx/Include -I../Drivers/CMSIS/Include -O0 -ffunction-sections -fdata-sections -Wall -fstack-usage -fcyclomatic-complexity -MMD -MP -MF"Core/Src/main.d" -MT"Core/Src/main.o" --specs=nano.specs -mfpu=fpv4-sp-d16 -mfloat-abi=hard -mthumb -o "Core/Src/main.o"
arm-none-eabi-gcc "../Core/Src/stm32f4xx_hal_msp.c" -mcpu=cortex-m4 -std=gnu11 -DDEBUG -DUSE_HAL_DRIVER -DSTM32F446xx -c -I../Core/Inc -I../Drivers/STM32F4xx_HAL_Driver/Inc -I../Drivers/STM32F4xx_HAL_Driver/Inc/Legacy -I../Drivers/CMSIS/Device/ST/STM32F4xx/Include -I../Drivers/CMSIS/Include -O0 -ffunction-sections -fdata-sections -Wall -fstack-usage -fcyclomatic-complexity -MMD -MP -MF"Core/Src/stm32f4xx_hal_msp.d" -MT"Core/Src/stm32f4xx_hal_msp.o" --specs=nano.specs -mfpu=fpv4-sp-d16 -mfloat-abi=hard -mthumb -o "Core/Src/stm32f4xx_hal_msp.o"
arm-none-eabi-gcc "../Core/Src/stm32f4xx_it.c" -mcpu=cortex-m4 -std=gnu11 -DDEBUG -DUSE_HAL_DRIVER -DSTM32F446xx -c -I../Core/Inc -I../Drivers/STM32F4xx_HAL_Driver/Inc -I../Drivers/STM32F4xx_HAL_Driver/Inc/Legacy -I../Drivers/CMSIS/Device/ST/STM32F4xx/Include -I../Drivers/CMSIS/Include -O0 -ffunction-sections -fdata-sections -Wall -fstack-usage -fcyclomatic-complexity -MMD -MP -MF"Core/Src/stm32f4xx_it.d" -MT"Core/Src/stm32f4xx_it.o" --specs=nano.specs -mfpu=fpv4-sp-d16 -mfloat-abi=hard -mthumb -o "Core/Src/stm32f4xx_it.o"
arm-none-eabi-gcc "../Core/Src/syscalls.c" -mcpu=cortex-m4 -std=gnu11 -DDEBUG -DUSE_HAL_DRIVER -DSTM32F446xx -c -I../Core/Inc -I../Drivers/STM32F4xx_HAL_Driver/Inc -I../Drivers/STM32F4xx_HAL_Driver/Inc/Legacy -I../Drivers/CMSIS/Device/ST/STM32F4xx/Include -I../Drivers/CMSIS/Include -O0 -ffunction-sections -fdata-sections -Wall -fstack-usage -fcyclomatic-complexity -MMD -MP -MF"Core/Src/syscalls.d" -MT"Core/Src/syscalls.o" --specs=nano.specs -mfpu=fpv4-sp-d16 -mfloat-abi=hard -mthumb -o "Core/Src/syscalls.o"
arm-none-eabi-gcc "../Core/Src/sysmem.c" -mcpu=cortex-m4 -std=gnu11 -DDEBUG -DUSE_HAL_DRIVER -DSTM32F446xx -c -I../Core/Inc -I../Drivers/STM32F4xx_HAL_Driver/Inc -I../Drivers/STM32F4xx_HAL_Driver/Inc/Legacy -I../Drivers/CMSIS/Device/ST/STM32F4xx/Include -I../Drivers/CMSIS/Include -O0 -ffunction-sections -fdata-sections -Wall -fstack-usage -fcyclomatic-complexity -MMD -MP -MF"Core/Src/sysmem.d" -MT"Core/Src/sysmem.o" --specs=nano.specs -mfpu=fpv4-sp-d16 -mfloat-abi=hard -mthumb -o "Core/Src/sysmem.o"
arm-none-eabi-gcc "../Core/Src/system_stm32f4xx.c" -mcpu=cortex-m4 -std=gnu11 -DDEBUG -DUSE_HAL_DRIVER -DSTM32F446xx -c -I../Core/Inc -I../Drivers/STM32F4xx_HAL_Driver/Inc -I../Drivers/STM32F4xx_HAL_Driver/Inc/Legacy -I../Drivers/CMSIS/Device/ST/STM32F4xx/Include -I../Drivers/CMSIS/Include -O0 -ffunction-sections -fdata-sections -Wall -fstack-usage -fcyclomatic-complexity -MMD -MP -MF"Core/Src/system_stm32f4xx.d" -MT"Core/Src/system_stm32f4xx.o" --specs=nano.specs -mfpu=fpv4-sp-d16 -mfloat-abi=hard -mthumb -o "Core/Src/system_stm32f4xx.o"
../Core/Src/main.c: In function '_init_DMA':
../Core/Src/main.c:257:22: warning: assignment to 'uint32_t' {aka 'long unsigned int'} from 'uint8_t *' {aka 'unsigned char *'} makes integer from pointer without a cast [-Wint-conversion]
  257 |   DMA2_Stream7->M0AR = &outputStr[0];           // (11)
      |                      ^
../Core/Src/main.c: In function 'DMXHeadUpdate':
../Core/Src/main.c:369:37: warning: passing argument 1 of 'UART1DataTx' makes pointer from integer without a cast [-Wint-conversion]
  369 |         return (int8_t)UART1DataTx( *colors, numOfHead);        // (1)
      |                                     ^~~~~~~
      |                                     |
      |                                     uint8_t {aka unsigned char}
../Core/Src/main.c:301:31: note: expected 'uint8_t *' {aka 'unsigned char *'} but argument is of type 'uint8_t' {aka 'unsigned char'}
  301 | int32_t UART1DataTx( uint8_t *data, uint16_t buffSize)
      |                      ~~~~~~~~~^~~~
At top level:
../Core/Src/main.c:277:13: warning: 'DMADisable' defined but not used [-Wunused-function]
  277 | static void DMADisable( void )
      |             ^~~~~~~~~~
../Core/Src/main.c: In function '_init_DMX':
../Core/Src/main.c:355:60: warning: 'dmx_ch_1.dmx_head[<unknown>].colorRed' may be used uninitialized [-Wmaybe-uninitialized]
  355 |   dmx_ch_1.dmx_head[cnt].colorRed = (dmx_ch_1.dmx_head[cnt].colorRed << 1) | DMX_CONSTANT_VALUE_R;      // (3)
      |                                      ~~~~~~~~~~~~~~~~~~~~~~^~~~~~~~~
../Core/Src/main.c:339:22: note: 'dmx_ch_1' declared here
  339 |   struct dmx_channel dmx_ch_1;
      |                      ^~~~~~~~
../Core/Src/main.c:356:62: warning: 'dmx_ch_1.dmx_head[<unknown>].colorGreen' may be used uninitialized [-Wmaybe-uninitialized]
  356 |   dmx_ch_1.dmx_head[cnt].colorGreen = (dmx_ch_1.dmx_head[cnt].colorGreen << 1) | DMX_CONSTANT_VALUE_G;  // (4)
      |                                        ~~~~~~~~~~~~~~~~~~~~~~^~~~~~~~~~~
../Core/Src/main.c:339:22: note: 'dmx_ch_1' declared here
  339 |   struct dmx_channel dmx_ch_1;
      |                      ^~~~~~~~
../Core/Src/main.c:357:61: warning: 'dmx_ch_1.dmx_head[<unknown>].colorBlue' may be used uninitialized [-Wmaybe-uninitialized]
  357 |   dmx_ch_1.dmx_head[cnt].colorBlue = (dmx_ch_1.dmx_head[cnt].colorBlue << 1) | DMX_CONSTANT_VALUE_B;    // (5)
      |                                       ~~~~~~~~~~~~~~~~~~~~~~^~~~~~~~~~
../Core/Src/main.c:339:22: note: 'dmx_ch_1' declared here
  339 |   struct dmx_channel dmx_ch_1;
      |                      ^~~~~~~~
arm-none-eabi-gcc -o "_LIB_DMX.elf" @"objects.list"   -mcpu=cortex-m4 -T"D:\Projects\STP\Blender\Firmware\v1_20231222\Design Folder\_LIB_DMX\STM32F446RCTX_FLASH.ld" --specs=nosys.specs -Wl,-Map="_LIB_DMX.map" -Wl,--gc-sections -static --specs=nano.specs -mfpu=fpv4-sp-d16 -mfloat-abi=hard -mthumb -Wl,--start-group -lc -lm -Wl,--end-group
Finished building target: _LIB_DMX.elf
 
arm-none-eabi-size  _LIB_DMX.elf 
arm-none-eabi-objdump -h -S _LIB_DMX.elf  > "_LIB_DMX.list"
   text	   data	    bss	    dec	    hex	filename
   2148	     20	   1572	   3740	    e9c	_LIB_DMX.elf
Finished building: default.size.stdout
 
Finished building: _LIB_DMX.list
 
22:49:56 **** Incremental Build of configuration Debug for project _LIB_DMX ****
make -j20 all 
arm-none-eabi-gcc "../Core/Src/main.c" -mcpu=cortex-m4 -std=gnu11 -DDEBUG -DUSE_HAL_DRIVER -DSTM32F446xx -c -I../Core/Inc -I../Drivers/STM32F4xx_HAL_Driver/Inc -I../Drivers/STM32F4xx_HAL_Driver/Inc/Legacy -I../Drivers/CMSIS/Device/ST/STM32F4xx/Include -I../Drivers/CMSIS/Include -O0 -ffunction-sections -fdata-sections -Wall -fstack-usage -fcyclomatic-complexity -MMD -MP -MF"Core/Src/main.d" -MT"Core/Src/main.o" --specs=nano.specs -mfpu=fpv4-sp-d16 -mfloat-abi=hard -mthumb -o "Core/Src/main.o"
../Core/Src/main.c: In function '_init_DMA':
../Core/Src/main.c:259:22: warning: assignment to 'uint32_t' {aka 'long unsigned int'} from 'uint8_t *' {aka 'unsigned char *'} makes integer from pointer without a cast [-Wint-conversion]
  259 |   DMA2_Stream7->M0AR = &outputStr[0];           // (11)
      |                      ^
../Core/Src/main.c: In function 'DMXHeadUpdate':
../Core/Src/main.c:368:37: warning: passing argument 1 of 'UART1DataTx' makes pointer from integer without a cast [-Wint-conversion]
  368 |         return (int8_t)UART1DataTx( *colors, numOfHead);        // (1)
      |                                     ^~~~~~~
      |                                     |
      |                                     uint8_t {aka unsigned char}
../Core/Src/main.c:303:31: note: expected 'uint8_t *' {aka 'unsigned char *'} but argument is of type 'uint8_t' {aka 'unsigned char'}
  303 | int32_t UART1DataTx( uint8_t *data, uint16_t buffSize)
      |                      ~~~~~~~~~^~~~
At top level:
../Core/Src/main.c:279:13: warning: 'DMADisable' defined but not used [-Wunused-function]
  279 | static void DMADisable( void )
      |             ^~~~~~~~~~
arm-none-eabi-gcc -o "_LIB_DMX.elf" @"objects.list"   -mcpu=cortex-m4 -T"D:\Projects\STP\Blender\Firmware\v1_20231222\Design Folder\_LIB_DMX\STM32F446RCTX_FLASH.ld" --specs=nosys.specs -Wl,-Map="_LIB_DMX.map" -Wl,--gc-sections -static --specs=nano.specs -mfpu=fpv4-sp-d16 -mfloat-abi=hard -mthumb -Wl,--start-group -lc -lm -Wl,--end-group
Finished building target: _LIB_DMX.elf
 
arm-none-eabi-size  _LIB_DMX.elf 
arm-none-eabi-objdump -h -S _LIB_DMX.elf  > "_LIB_DMX.list"
   text	   data	    bss	    dec	    hex	filename
   2148	     20	   1580	   3748	    ea4	_LIB_DMX.elf
Finished building: default.size.stdout
 
Finished building: _LIB_DMX.list
 
22:51:31 **** Incremental Build of configuration Debug for project _LIB_DMX ****
make -j20 all 
arm-none-eabi-gcc "../Core/Src/main.c" -mcpu=cortex-m4 -std=gnu11 -DDEBUG -DUSE_HAL_DRIVER -DSTM32F446xx -c -I../Core/Inc -I../Drivers/STM32F4xx_HAL_Driver/Inc -I../Drivers/STM32F4xx_HAL_Driver/Inc/Legacy -I../Drivers/CMSIS/Device/ST/STM32F4xx/Include -I../Drivers/CMSIS/Include -O0 -ffunction-sections -fdata-sections -Wall -fstack-usage -fcyclomatic-complexity -MMD -MP -MF"Core/Src/main.d" -MT"Core/Src/main.o" --specs=nano.specs -mfpu=fpv4-sp-d16 -mfloat-abi=hard -mthumb -o "Core/Src/main.o"
../Core/Src/main.c: In function '_init_DMA':
../Core/Src/main.c:257:22: warning: assignment to 'uint32_t' {aka 'long unsigned int'} from 'uint8_t *' {aka 'unsigned char *'} makes integer from pointer without a cast [-Wint-conversion]
  257 |   DMA2_Stream7->M0AR = &outputStr[0];           // (11)
      |                      ^
../Core/Src/main.c: In function 'DMXHeadUpdate':
../Core/Src/main.c:368:37: warning: passing argument 1 of 'UART1DataTx' makes pointer from integer without a cast [-Wint-conversion]
  368 |         return (int8_t)UART1DataTx( *colors, numOfHead);        // (1)
      |                                     ^~~~~~~
      |                                     |
      |                                     uint8_t {aka unsigned char}
../Core/Src/main.c:301:31: note: expected 'uint8_t *' {aka 'unsigned char *'} but argument is of type 'uint8_t' {aka 'unsigned char'}
  301 | int32_t UART1DataTx( uint8_t *data, uint16_t buffSize)
      |                      ~~~~~~~~~^~~~
At top level:
../Core/Src/main.c:277:13: warning: 'DMADisable' defined but not used [-Wunused-function]
  277 | static void DMADisable( void )
      |             ^~~~~~~~~~
arm-none-eabi-gcc -o "_LIB_DMX.elf" @"objects.list"   -mcpu=cortex-m4 -T"D:\Projects\STP\Blender\Firmware\v1_20231222\Design Folder\_LIB_DMX\STM32F446RCTX_FLASH.ld" --specs=nosys.specs -Wl,-Map="_LIB_DMX.map" -Wl,--gc-sections -static --specs=nano.specs -mfpu=fpv4-sp-d16 -mfloat-abi=hard -mthumb -Wl,--start-group -lc -lm -Wl,--end-group
Finished building target: _LIB_DMX.elf
 
arm-none-eabi-size  _LIB_DMX.elf 
arm-none-eabi-objdump -h -S _LIB_DMX.elf  > "_LIB_DMX.list"
   text	   data	    bss	    dec	    hex	filename
   2148	     20	   1580	   3748	    ea4	_LIB_DMX.elf
Finished building: default.size.stdout
 
Finished building: _LIB_DMX.list
 
22:53:31 **** Incremental Build of configuration Debug for project _LIB_DMX ****
make -j20 all 
arm-none-eabi-gcc "../Core/Src/main.c" -mcpu=cortex-m4 -std=gnu11 -DDEBUG -DUSE_HAL_DRIVER -DSTM32F446xx -c -I../Core/Inc -I../Drivers/STM32F4xx_HAL_Driver/Inc -I../Drivers/STM32F4xx_HAL_Driver/Inc/Legacy -I../Drivers/CMSIS/Device/ST/STM32F4xx/Include -I../Drivers/CMSIS/Include -O0 -ffunction-sections -fdata-sections -Wall -fstack-usage -fcyclomatic-complexity -MMD -MP -MF"Core/Src/main.d" -MT"Core/Src/main.o" --specs=nano.specs -mfpu=fpv4-sp-d16 -mfloat-abi=hard -mthumb -o "Core/Src/main.o"
../Core/Src/main.c: In function '_init_DMA':
../Core/Src/main.c:257:22: warning: assignment to 'uint32_t' {aka 'long unsigned int'} from 'uint8_t *' {aka 'unsigned char *'} makes integer from pointer without a cast [-Wint-conversion]
  257 |   DMA2_Stream7->M0AR = &outputStr[0];           // (11)
      |                      ^
../Core/Src/main.c: In function 'DMXHeadUpdate':
../Core/Src/main.c:366:37: warning: passing argument 1 of 'UART1DataTx' makes pointer from integer without a cast [-Wint-conversion]
  366 |         return (int8_t)UART1DataTx( *colors, numOfHead);        // (1)
      |                                     ^~~~~~~
      |                                     |
      |                                     uint8_t {aka unsigned char}
../Core/Src/main.c:301:31: note: expected 'uint8_t *' {aka 'unsigned char *'} but argument is of type 'uint8_t' {aka 'unsigned char'}
  301 | int32_t UART1DataTx( uint8_t *data, uint16_t buffSize)
      |                      ~~~~~~~~~^~~~
At top level:
../Core/Src/main.c:277:13: warning: 'DMADisable' defined but not used [-Wunused-function]
  277 | static void DMADisable( void )
      |             ^~~~~~~~~~
arm-none-eabi-gcc -o "_LIB_DMX.elf" @"objects.list"   -mcpu=cortex-m4 -T"D:\Projects\STP\Blender\Firmware\v1_20231222\Design Folder\_LIB_DMX\STM32F446RCTX_FLASH.ld" --specs=nosys.specs -Wl,-Map="_LIB_DMX.map" -Wl,--gc-sections -static --specs=nano.specs -mfpu=fpv4-sp-d16 -mfloat-abi=hard -mthumb -Wl,--start-group -lc -lm -Wl,--end-group
Finished building target: _LIB_DMX.elf
 
arm-none-eabi-size  _LIB_DMX.elf 
arm-none-eabi-objdump -h -S _LIB_DMX.elf  > "_LIB_DMX.list"
   text	   data	    bss	    dec	    hex	filename
   2184	     12	   2100	   4296	   10c8	_LIB_DMX.elf
Finished building: default.size.stdout
 
Finished building: _LIB_DMX.list
 
22:56:12 **** Incremental Build of configuration Debug for project _LIB_DMX ****
make -j20 all 
arm-none-eabi-gcc "../Core/Src/main.c" -mcpu=cortex-m4 -std=gnu11 -DDEBUG -DUSE_HAL_DRIVER -DSTM32F446xx -c -I../Core/Inc -I../Drivers/STM32F4xx_HAL_Driver/Inc -I../Drivers/STM32F4xx_HAL_Driver/Inc/Legacy -I../Drivers/CMSIS/Device/ST/STM32F4xx/Include -I../Drivers/CMSIS/Include -O0 -ffunction-sections -fdata-sections -Wall -fstack-usage -fcyclomatic-complexity -MMD -MP -MF"Core/Src/main.d" -MT"Core/Src/main.o" --specs=nano.specs -mfpu=fpv4-sp-d16 -mfloat-abi=hard -mthumb -o "Core/Src/main.o"
../Core/Src/main.c: In function '_init_DMA':
../Core/Src/main.c:257:22: warning: assignment to 'uint32_t' {aka 'long unsigned int'} from 'uint8_t *' {aka 'unsigned char *'} makes integer from pointer without a cast [-Wint-conversion]
  257 |   DMA2_Stream7->M0AR = &outputStr[0];           // (11)
      |                      ^
../Core/Src/main.c: In function 'DMXHeadUpdate':
../Core/Src/main.c:364:37: warning: passing argument 1 of 'UART1DataTx' makes pointer from integer without a cast [-Wint-conversion]
  364 |         return (int8_t)UART1DataTx( *colors, numOfHead);        // (1)
      |                                     ^~~~~~~
      |                                     |
      |                                     uint8_t {aka unsigned char}
../Core/Src/main.c:301:31: note: expected 'uint8_t *' {aka 'unsigned char *'} but argument is of type 'uint8_t' {aka 'unsigned char'}
  301 | int32_t UART1DataTx( uint8_t *data, uint16_t buffSize)
      |                      ~~~~~~~~~^~~~
At top level:
../Core/Src/main.c:277:13: warning: 'DMADisable' defined but not used [-Wunused-function]
  277 | static void DMADisable( void )
      |             ^~~~~~~~~~
arm-none-eabi-gcc -o "_LIB_DMX.elf" @"objects.list"   -mcpu=cortex-m4 -T"D:\Projects\STP\Blender\Firmware\v1_20231222\Design Folder\_LIB_DMX\STM32F446RCTX_FLASH.ld" --specs=nosys.specs -Wl,-Map="_LIB_DMX.map" -Wl,--gc-sections -static --specs=nano.specs -mfpu=fpv4-sp-d16 -mfloat-abi=hard -mthumb -Wl,--start-group -lc -lm -Wl,--end-group
Finished building target: _LIB_DMX.elf
 
arm-none-eabi-size  _LIB_DMX.elf 
arm-none-eabi-objdump -h -S _LIB_DMX.elf  > "_LIB_DMX.list"
   text	   data	    bss	    dec	    hex	filename
   2184	     12	   2100	   4296	   10c8	_LIB_DMX.elf
Finished building: default.size.stdout
 
Finished building: _LIB_DMX.list
 
23:11:02 **** Incremental Build of configuration Debug for project _LIB_DMX ****
make -j20 all 
arm-none-eabi-gcc "../Core/Src/main.c" -mcpu=cortex-m4 -std=gnu11 -DDEBUG -DUSE_HAL_DRIVER -DSTM32F446xx -c -I../Core/Inc -I../Drivers/STM32F4xx_HAL_Driver/Inc -I../Drivers/STM32F4xx_HAL_Driver/Inc/Legacy -I../Drivers/CMSIS/Device/ST/STM32F4xx/Include -I../Drivers/CMSIS/Include -O0 -ffunction-sections -fdata-sections -Wall -fstack-usage -fcyclomatic-complexity -MMD -MP -MF"Core/Src/main.d" -MT"Core/Src/main.o" --specs=nano.specs -mfpu=fpv4-sp-d16 -mfloat-abi=hard -mthumb -o "Core/Src/main.o"
../Core/Src/main.c: In function '_init_DMA':
../Core/Src/main.c:258:22: warning: assignment to 'uint32_t' {aka 'long unsigned int'} from 'uint8_t *' {aka 'unsigned char *'} makes integer from pointer without a cast [-Wint-conversion]
  258 |   DMA2_Stream7->M0AR = &outputStr[0];           // (11)
      |                      ^
../Core/Src/main.c: In function 'DMXHeadUpdate':
../Core/Src/main.c:370:37: warning: passing argument 1 of 'UART1DataTx' makes pointer from integer without a cast [-Wint-conversion]
  370 |         return (int8_t)UART1DataTx( *colors, numOfHead);        // (1)
      |                                     ^~~~~~~
      |                                     |
      |                                     uint8_t {aka unsigned char}
../Core/Src/main.c:302:31: note: expected 'uint8_t *' {aka 'unsigned char *'} but argument is of type 'uint8_t' {aka 'unsigned char'}
  302 | int32_t UART1DataTx( uint8_t *data, uint16_t buffSize)
      |                      ~~~~~~~~~^~~~
At top level:
../Core/Src/main.c:278:13: warning: 'DMADisable' defined but not used [-Wunused-function]
  278 | static void DMADisable( void )
      |             ^~~~~~~~~~
arm-none-eabi-gcc -o "_LIB_DMX.elf" @"objects.list"   -mcpu=cortex-m4 -T"D:\Projects\STP\Blender\Firmware\v1_20231222\Design Folder\_LIB_DMX\STM32F446RCTX_FLASH.ld" --specs=nosys.specs -Wl,-Map="_LIB_DMX.map" -Wl,--gc-sections -static --specs=nano.specs -mfpu=fpv4-sp-d16 -mfloat-abi=hard -mthumb -Wl,--start-group -lc -lm -Wl,--end-group
Finished building target: _LIB_DMX.elf
 
arm-none-eabi-size  _LIB_DMX.elf 
arm-none-eabi-objdump -h -S _LIB_DMX.elf  > "_LIB_DMX.list"
   text	   data	    bss	    dec	    hex	filename
   2232	     12	   2108	   4352	   1100	_LIB_DMX.elf
Finished building: default.size.stdout
 
Finished building: _LIB_DMX.list
 
23:13:50 **** Incremental Build of configuration Debug for project _LIB_DMX ****
make -j20 all 
arm-none-eabi-gcc "../Core/Src/main.c" -mcpu=cortex-m4 -std=gnu11 -DDEBUG -DUSE_HAL_DRIVER -DSTM32F446xx -c -I../Core/Inc -I../Drivers/STM32F4xx_HAL_Driver/Inc -I../Drivers/STM32F4xx_HAL_Driver/Inc/Legacy -I../Drivers/CMSIS/Device/ST/STM32F4xx/Include -I../Drivers/CMSIS/Include -O0 -ffunction-sections -fdata-sections -Wall -fstack-usage -fcyclomatic-complexity -MMD -MP -MF"Core/Src/main.d" -MT"Core/Src/main.o" --specs=nano.specs -mfpu=fpv4-sp-d16 -mfloat-abi=hard -mthumb -o "Core/Src/main.o"
../Core/Src/main.c: In function '_init_DMA':
../Core/Src/main.c:258:22: warning: assignment to 'uint32_t' {aka 'long unsigned int'} from 'uint8_t *' {aka 'unsigned char *'} makes integer from pointer without a cast [-Wint-conversion]
  258 |   DMA2_Stream7->M0AR = &outputStr[0];           // (11)
      |                      ^
../Core/Src/main.c: In function 'DMXHeadUpdate':
../Core/Src/main.c:365:3: warning: implicit declaration of function 'CLEAR_PIN'; did you mean 'CLEAR_BIT'? [-Wimplicit-function-declaration]
  365 |   CLEAR_PIN( GPIOA->ODR, GPIO_ODR_OD9 );
      |   ^~~~~~~~~
      |   CLEAR_BIT
../Core/Src/main.c:367:31: warning: passing argument 1 of 'UART1DataTx' makes pointer from integer without a cast [-Wint-conversion]
  367 |   return (int8_t)UART1DataTx( *colors, numOfHead);      // (1)
      |                               ^~~~~~~
      |                               |
      |                               uint8_t {aka unsigned char}
../Core/Src/main.c:302:31: note: expected 'uint8_t *' {aka 'unsigned char *'} but argument is of type 'uint8_t' {aka 'unsigned char'}
  302 | int32_t UART1DataTx( uint8_t *data, uint16_t buffSize)
      |                      ~~~~~~~~~^~~~
At top level:
../Core/Src/main.c:278:13: warning: 'DMADisable' defined but not used [-Wunused-function]
  278 | static void DMADisable( void )
      |             ^~~~~~~~~~
arm-none-eabi-gcc -o "_LIB_DMX.elf" @"objects.list"   -mcpu=cortex-m4 -T"D:\Projects\STP\Blender\Firmware\v1_20231222\Design Folder\_LIB_DMX\STM32F446RCTX_FLASH.ld" --specs=nosys.specs -Wl,-Map="_LIB_DMX.map" -Wl,--gc-sections -static --specs=nano.specs -mfpu=fpv4-sp-d16 -mfloat-abi=hard -mthumb -Wl,--start-group -lc -lm -Wl,--end-group
C:/ST/STM32CubeIDE_1.10.1/STM32CubeIDE/plugins/com.st.stm32cube.ide.mcu.externaltools.gnu-tools-for-stm32.11.3.rel1.win32_1.1.100.202309141235/tools/bin/../lib/gcc/arm-none-eabi/11.3.1/../../../../arm-none-eabi/bin/ld.exe: ./Core/Src/main.o: in function `DMXHeadUpdate':
main.c:(.text.DMXHeadUpdate+0x14): undefined reference to `CLEAR_PIN'
collect2.exe: error: ld returned 1 exit status
make: *** [makefile:64: _LIB_DMX.elf] Error 1
"make -j20 all" terminated with exit code 2. Build might be incomplete.
23:14:02 **** Incremental Build of configuration Debug for project _LIB_DMX ****
make -j20 all 
arm-none-eabi-gcc "../Core/Src/main.c" -mcpu=cortex-m4 -std=gnu11 -DDEBUG -DUSE_HAL_DRIVER -DSTM32F446xx -c -I../Core/Inc -I../Drivers/STM32F4xx_HAL_Driver/Inc -I../Drivers/STM32F4xx_HAL_Driver/Inc/Legacy -I../Drivers/CMSIS/Device/ST/STM32F4xx/Include -I../Drivers/CMSIS/Include -O0 -ffunction-sections -fdata-sections -Wall -fstack-usage -fcyclomatic-complexity -MMD -MP -MF"Core/Src/main.d" -MT"Core/Src/main.o" --specs=nano.specs -mfpu=fpv4-sp-d16 -mfloat-abi=hard -mthumb -o "Core/Src/main.o"
../Core/Src/main.c: In function '_init_DMA':
../Core/Src/main.c:258:22: warning: assignment to 'uint32_t' {aka 'long unsigned int'} from 'uint8_t *' {aka 'unsigned char *'} makes integer from pointer without a cast [-Wint-conversion]
  258 |   DMA2_Stream7->M0AR = &outputStr[0];           // (11)
      |                      ^
../Core/Src/main.c: In function 'DMXHeadUpdate':
../Core/Src/main.c:367:31: warning: passing argument 1 of 'UART1DataTx' makes pointer from integer without a cast [-Wint-conversion]
  367 |   return (int8_t)UART1DataTx( *colors, numOfHead);      // (1)
      |                               ^~~~~~~
      |                               |
      |                               uint8_t {aka unsigned char}
../Core/Src/main.c:302:31: note: expected 'uint8_t *' {aka 'unsigned char *'} but argument is of type 'uint8_t' {aka 'unsigned char'}
  302 | int32_t UART1DataTx( uint8_t *data, uint16_t buffSize)
      |                      ~~~~~~~~~^~~~
At top level:
../Core/Src/main.c:278:13: warning: 'DMADisable' defined but not used [-Wunused-function]
  278 | static void DMADisable( void )
      |             ^~~~~~~~~~
arm-none-eabi-gcc -o "_LIB_DMX.elf" @"objects.list"   -mcpu=cortex-m4 -T"D:\Projects\STP\Blender\Firmware\v1_20231222\Design Folder\_LIB_DMX\STM32F446RCTX_FLASH.ld" --specs=nosys.specs -Wl,-Map="_LIB_DMX.map" -Wl,--gc-sections -static --specs=nano.specs -mfpu=fpv4-sp-d16 -mfloat-abi=hard -mthumb -Wl,--start-group -lc -lm -Wl,--end-group
Finished building target: _LIB_DMX.elf
 
arm-none-eabi-size  _LIB_DMX.elf 
arm-none-eabi-objdump -h -S _LIB_DMX.elf  > "_LIB_DMX.list"
   text	   data	    bss	    dec	    hex	filename
   1648	     12	   1588	   3248	    cb0	_LIB_DMX.elf
Finished building: default.size.stdout
 
Finished building: _LIB_DMX.list
 
23:14:37 **** Incremental Build of configuration Debug for project _LIB_DMX ****
make -j20 all 
arm-none-eabi-gcc "../Core/Src/main.c" -mcpu=cortex-m4 -std=gnu11 -DDEBUG -DUSE_HAL_DRIVER -DSTM32F446xx -c -I../Core/Inc -I../Drivers/STM32F4xx_HAL_Driver/Inc -I../Drivers/STM32F4xx_HAL_Driver/Inc/Legacy -I../Drivers/CMSIS/Device/ST/STM32F4xx/Include -I../Drivers/CMSIS/Include -O0 -ffunction-sections -fdata-sections -Wall -fstack-usage -fcyclomatic-complexity -MMD -MP -MF"Core/Src/main.d" -MT"Core/Src/main.o" --specs=nano.specs -mfpu=fpv4-sp-d16 -mfloat-abi=hard -mthumb -o "Core/Src/main.o"
../Core/Src/main.c: In function '_init_DMA':
../Core/Src/main.c:257:22: warning: assignment to 'uint32_t' {aka 'long unsigned int'} from 'uint8_t *' {aka 'unsigned char *'} makes integer from pointer without a cast [-Wint-conversion]
  257 |   DMA2_Stream7->M0AR = &outputStr[0];           // (11)
      |                      ^
../Core/Src/main.c: In function '_init_DMX':
../Core/Src/main.c:358:27: error: 'struct dmx_channel' has no member named 'breakCode'
  358 |   DMXHeadUpdate( &dmx_ch_1.breakCode[0], ((DMX_MAX_HEAD * 3) + 1));
      |                           ^
../Core/Src/main.c: In function 'DMXHeadUpdate':
../Core/Src/main.c:366:31: warning: passing argument 1 of 'UART1DataTx' makes pointer from integer without a cast [-Wint-conversion]
  366 |   return (int8_t)UART1DataTx( *colors, numOfHead);      // (1)
      |                               ^~~~~~~
      |                               |
      |                               uint8_t {aka unsigned char}
../Core/Src/main.c:301:31: note: expected 'uint8_t *' {aka 'unsigned char *'} but argument is of type 'uint8_t' {aka 'unsigned char'}
  301 | int32_t UART1DataTx( uint8_t *data, uint16_t buffSize)
      |                      ~~~~~~~~~^~~~
At top level:
../Core/Src/main.c:277:13: warning: 'DMADisable' defined but not used [-Wunused-function]
  277 | static void DMADisable( void )
      |             ^~~~~~~~~~
make: *** [Core/Src/subdir.mk:34: Core/Src/main.o] Error 1
"make -j20 all" terminated with exit code 2. Build might be incomplete.
23:14:56 **** Incremental Build of configuration Debug for project _LIB_DMX ****
make -j20 all 
arm-none-eabi-gcc "../Core/Src/main.c" -mcpu=cortex-m4 -std=gnu11 -DDEBUG -DUSE_HAL_DRIVER -DSTM32F446xx -c -I../Core/Inc -I../Drivers/STM32F4xx_HAL_Driver/Inc -I../Drivers/STM32F4xx_HAL_Driver/Inc/Legacy -I../Drivers/CMSIS/Device/ST/STM32F4xx/Include -I../Drivers/CMSIS/Include -O0 -ffunction-sections -fdata-sections -Wall -fstack-usage -fcyclomatic-complexity -MMD -MP -MF"Core/Src/main.d" -MT"Core/Src/main.o" --specs=nano.specs -mfpu=fpv4-sp-d16 -mfloat-abi=hard -mthumb -o "Core/Src/main.o"
../Core/Src/main.c: In function '_init_DMA':
../Core/Src/main.c:257:22: warning: assignment to 'uint32_t' {aka 'long unsigned int'} from 'uint8_t *' {aka 'unsigned char *'} makes integer from pointer without a cast [-Wint-conversion]
  257 |   DMA2_Stream7->M0AR = &outputStr[0];           // (11)
      |                      ^
../Core/Src/main.c: In function 'DMXHeadUpdate':
../Core/Src/main.c:366:31: warning: passing argument 1 of 'UART1DataTx' makes pointer from integer without a cast [-Wint-conversion]
  366 |   return (int8_t)UART1DataTx( *colors, numOfHead);      // (1)
      |                               ^~~~~~~
      |                               |
      |                               uint8_t {aka unsigned char}
../Core/Src/main.c:301:31: note: expected 'uint8_t *' {aka 'unsigned char *'} but argument is of type 'uint8_t' {aka 'unsigned char'}
  301 | int32_t UART1DataTx( uint8_t *data, uint16_t buffSize)
      |                      ~~~~~~~~~^~~~
At top level:
../Core/Src/main.c:277:13: warning: 'DMADisable' defined but not used [-Wunused-function]
  277 | static void DMADisable( void )
      |             ^~~~~~~~~~
arm-none-eabi-gcc -o "_LIB_DMX.elf" @"objects.list"   -mcpu=cortex-m4 -T"D:\Projects\STP\Blender\Firmware\v1_20231222\Design Folder\_LIB_DMX\STM32F446RCTX_FLASH.ld" --specs=nosys.specs -Wl,-Map="_LIB_DMX.map" -Wl,--gc-sections -static --specs=nano.specs -mfpu=fpv4-sp-d16 -mfloat-abi=hard -mthumb -Wl,--start-group -lc -lm -Wl,--end-group
Finished building target: _LIB_DMX.elf
 
arm-none-eabi-size  _LIB_DMX.elf 
arm-none-eabi-objdump -h -S _LIB_DMX.elf  > "_LIB_DMX.list"
   text	   data	    bss	    dec	    hex	filename
   1648	     12	   1580	   3240	    ca8	_LIB_DMX.elf
Finished building: default.size.stdout
 
Finished building: _LIB_DMX.list
 
23:15:27 **** Incremental Build of configuration Debug for project _LIB_DMX ****
make -j20 all 
arm-none-eabi-gcc "../Core/Src/main.c" -mcpu=cortex-m4 -std=gnu11 -DDEBUG -DUSE_HAL_DRIVER -DSTM32F446xx -c -I../Core/Inc -I../Drivers/STM32F4xx_HAL_Driver/Inc -I../Drivers/STM32F4xx_HAL_Driver/Inc/Legacy -I../Drivers/CMSIS/Device/ST/STM32F4xx/Include -I../Drivers/CMSIS/Include -O0 -ffunction-sections -fdata-sections -Wall -fstack-usage -fcyclomatic-complexity -MMD -MP -MF"Core/Src/main.d" -MT"Core/Src/main.o" --specs=nano.specs -mfpu=fpv4-sp-d16 -mfloat-abi=hard -mthumb -o "Core/Src/main.o"
../Core/Src/main.c: In function '_init_DMA':
../Core/Src/main.c:257:22: warning: assignment to 'uint32_t' {aka 'long unsigned int'} from 'uint8_t *' {aka 'unsigned char *'} makes integer from pointer without a cast [-Wint-conversion]
  257 |   DMA2_Stream7->M0AR = &outputStr[0];           // (11)
      |                      ^
../Core/Src/main.c: In function 'DMXHeadUpdate':
../Core/Src/main.c:366:31: warning: passing argument 1 of 'UART1DataTx' makes pointer from integer without a cast [-Wint-conversion]
  366 |   return (int8_t)UART1DataTx( *colors, numOfHead);      // (1)
      |                               ^~~~~~~
      |                               |
      |                               uint8_t {aka unsigned char}
../Core/Src/main.c:301:31: note: expected 'uint8_t *' {aka 'unsigned char *'} but argument is of type 'uint8_t' {aka 'unsigned char'}
  301 | int32_t UART1DataTx( uint8_t *data, uint16_t buffSize)
      |                      ~~~~~~~~~^~~~
At top level:
../Core/Src/main.c:277:13: warning: 'DMADisable' defined but not used [-Wunused-function]
  277 | static void DMADisable( void )
      |             ^~~~~~~~~~
arm-none-eabi-gcc -o "_LIB_DMX.elf" @"objects.list"   -mcpu=cortex-m4 -T"D:\Projects\STP\Blender\Firmware\v1_20231222\Design Folder\_LIB_DMX\STM32F446RCTX_FLASH.ld" --specs=nosys.specs -Wl,-Map="_LIB_DMX.map" -Wl,--gc-sections -static --specs=nano.specs -mfpu=fpv4-sp-d16 -mfloat-abi=hard -mthumb -Wl,--start-group -lc -lm -Wl,--end-group
Finished building target: _LIB_DMX.elf
 
arm-none-eabi-size  _LIB_DMX.elf 
arm-none-eabi-objdump -h -S _LIB_DMX.elf  > "_LIB_DMX.list"
   text	   data	    bss	    dec	    hex	filename
   2220	     12	   2100	   4332	   10ec	_LIB_DMX.elf
Finished building: default.size.stdout
 
Finished building: _LIB_DMX.list
 
23:16:42 **** Incremental Build of configuration Debug for project _LIB_DMX ****
make -j20 all 
arm-none-eabi-gcc "../Core/Src/main.c" -mcpu=cortex-m4 -std=gnu11 -DDEBUG -DUSE_HAL_DRIVER -DSTM32F446xx -c -I../Core/Inc -I../Drivers/STM32F4xx_HAL_Driver/Inc -I../Drivers/STM32F4xx_HAL_Driver/Inc/Legacy -I../Drivers/CMSIS/Device/ST/STM32F4xx/Include -I../Drivers/CMSIS/Include -O0 -ffunction-sections -fdata-sections -Wall -fstack-usage -fcyclomatic-complexity -MMD -MP -MF"Core/Src/main.d" -MT"Core/Src/main.o" --specs=nano.specs -mfpu=fpv4-sp-d16 -mfloat-abi=hard -mthumb -o "Core/Src/main.o"
../Core/Src/main.c: In function '_init_DMA':
../Core/Src/main.c:257:22: warning: assignment to 'uint32_t' {aka 'long unsigned int'} from 'uint8_t *' {aka 'unsigned char *'} makes integer from pointer without a cast [-Wint-conversion]
  257 |   DMA2_Stream7->M0AR = &outputStr[0];           // (11)
      |                      ^
../Core/Src/main.c: In function 'DMXHeadUpdate':
../Core/Src/main.c:366:31: warning: passing argument 1 of 'UART1DataTx' makes pointer from integer without a cast [-Wint-conversion]
  366 |   return (int8_t)UART1DataTx( *colors, numOfHead);      // (1)
      |                               ^~~~~~~
      |                               |
      |                               uint8_t {aka unsigned char}
../Core/Src/main.c:301:31: note: expected 'uint8_t *' {aka 'unsigned char *'} but argument is of type 'uint8_t' {aka 'unsigned char'}
  301 | int32_t UART1DataTx( uint8_t *data, uint16_t buffSize)
      |                      ~~~~~~~~~^~~~
At top level:
../Core/Src/main.c:277:13: warning: 'DMADisable' defined but not used [-Wunused-function]
  277 | static void DMADisable( void )
      |             ^~~~~~~~~~
arm-none-eabi-gcc -o "_LIB_DMX.elf" @"objects.list"   -mcpu=cortex-m4 -T"D:\Projects\STP\Blender\Firmware\v1_20231222\Design Folder\_LIB_DMX\STM32F446RCTX_FLASH.ld" --specs=nosys.specs -Wl,-Map="_LIB_DMX.map" -Wl,--gc-sections -static --specs=nano.specs -mfpu=fpv4-sp-d16 -mfloat-abi=hard -mthumb -Wl,--start-group -lc -lm -Wl,--end-group
Finished building target: _LIB_DMX.elf
 
arm-none-eabi-size  _LIB_DMX.elf 
arm-none-eabi-objdump -h -S _LIB_DMX.elf  > "_LIB_DMX.list"
   text	   data	    bss	    dec	    hex	filename
   1648	     12	   1580	   3240	    ca8	_LIB_DMX.elf
Finished building: default.size.stdout
 
Finished building: _LIB_DMX.list
 
23:19:11 **** Incremental Build of configuration Debug for project _LIB_DMX ****
make -j20 all 
arm-none-eabi-gcc "../Core/Src/main.c" -mcpu=cortex-m4 -std=gnu11 -DDEBUG -DUSE_HAL_DRIVER -DSTM32F446xx -c -I../Core/Inc -I../Drivers/STM32F4xx_HAL_Driver/Inc -I../Drivers/STM32F4xx_HAL_Driver/Inc/Legacy -I../Drivers/CMSIS/Device/ST/STM32F4xx/Include -I../Drivers/CMSIS/Include -O0 -ffunction-sections -fdata-sections -Wall -fstack-usage -fcyclomatic-complexity -MMD -MP -MF"Core/Src/main.d" -MT"Core/Src/main.o" --specs=nano.specs -mfpu=fpv4-sp-d16 -mfloat-abi=hard -mthumb -o "Core/Src/main.o"
../Core/Src/main.c: In function '_init_DMA':
../Core/Src/main.c:257:22: warning: assignment to 'uint32_t' {aka 'long unsigned int'} from 'uint8_t *' {aka 'unsigned char *'} makes integer from pointer without a cast [-Wint-conversion]
  257 |   DMA2_Stream7->M0AR = &outputStr[0];           // (11)
      |                      ^
../Core/Src/main.c: In function 'DMXHeadUpdate':
../Core/Src/main.c:366:31: warning: passing argument 1 of 'UART1DataTx' makes pointer from integer without a cast [-Wint-conversion]
  366 |   return (int8_t)UART1DataTx( *colors, numOfHead);      // (1)
      |                               ^~~~~~~
      |                               |
      |                               uint8_t {aka unsigned char}
../Core/Src/main.c:301:31: note: expected 'uint8_t *' {aka 'unsigned char *'} but argument is of type 'uint8_t' {aka 'unsigned char'}
  301 | int32_t UART1DataTx( uint8_t *data, uint16_t buffSize)
      |                      ~~~~~~~~~^~~~
At top level:
../Core/Src/main.c:277:13: warning: 'DMADisable' defined but not used [-Wunused-function]
  277 | static void DMADisable( void )
      |             ^~~~~~~~~~
arm-none-eabi-gcc -o "_LIB_DMX.elf" @"objects.list"   -mcpu=cortex-m4 -T"D:\Projects\STP\Blender\Firmware\v1_20231222\Design Folder\_LIB_DMX\STM32F446RCTX_FLASH.ld" --specs=nosys.specs -Wl,-Map="_LIB_DMX.map" -Wl,--gc-sections -static --specs=nano.specs -mfpu=fpv4-sp-d16 -mfloat-abi=hard -mthumb -Wl,--start-group -lc -lm -Wl,--end-group
Finished building target: _LIB_DMX.elf
 
arm-none-eabi-size  _LIB_DMX.elf 
arm-none-eabi-objdump -h -S _LIB_DMX.elf  > "_LIB_DMX.list"
   text	   data	    bss	    dec	    hex	filename
   2220	     12	   2100	   4332	   10ec	_LIB_DMX.elf
Finished building: default.size.stdout
 
Finished building: _LIB_DMX.list
 
23:23:18 **** Incremental Build of configuration Debug for project _LIB_DMX ****
make -j20 all 
arm-none-eabi-gcc "../Core/Src/main.c" -mcpu=cortex-m4 -std=gnu11 -DDEBUG -DUSE_HAL_DRIVER -DSTM32F446xx -c -I../Core/Inc -I../Drivers/STM32F4xx_HAL_Driver/Inc -I../Drivers/STM32F4xx_HAL_Driver/Inc/Legacy -I../Drivers/CMSIS/Device/ST/STM32F4xx/Include -I../Drivers/CMSIS/Include -O0 -ffunction-sections -fdata-sections -Wall -fstack-usage -fcyclomatic-complexity -MMD -MP -MF"Core/Src/main.d" -MT"Core/Src/main.o" --specs=nano.specs -mfpu=fpv4-sp-d16 -mfloat-abi=hard -mthumb -o "Core/Src/main.o"
../Core/Src/main.c: In function '_init_DMA':
../Core/Src/main.c:257:22: warning: assignment to 'uint32_t' {aka 'long unsigned int'} from 'uint8_t *' {aka 'unsigned char *'} makes integer from pointer without a cast [-Wint-conversion]
  257 |   DMA2_Stream7->M0AR = &outputStr[0];           // (11)
      |                      ^
../Core/Src/main.c: In function 'DMXHeadUpdate':
../Core/Src/main.c:373:31: warning: passing argument 1 of 'UART1DataTx' makes pointer from integer without a cast [-Wint-conversion]
  373 |   return (int8_t)UART1DataTx( *colors, numOfHead);      // (1)
      |                               ^~~~~~~
      |                               |
      |                               uint8_t {aka unsigned char}
../Core/Src/main.c:301:31: note: expected 'uint8_t *' {aka 'unsigned char *'} but argument is of type 'uint8_t' {aka 'unsigned char'}
  301 | int32_t UART1DataTx( uint8_t *data, uint16_t buffSize)
      |                      ~~~~~~~~~^~~~
At top level:
../Core/Src/main.c:277:13: warning: 'DMADisable' defined but not used [-Wunused-function]
  277 | static void DMADisable( void )
      |             ^~~~~~~~~~
arm-none-eabi-gcc -o "_LIB_DMX.elf" @"objects.list"   -mcpu=cortex-m4 -T"D:\Projects\STP\Blender\Firmware\v1_20231222\Design Folder\_LIB_DMX\STM32F446RCTX_FLASH.ld" --specs=nosys.specs -Wl,-Map="_LIB_DMX.map" -Wl,--gc-sections -static --specs=nano.specs -mfpu=fpv4-sp-d16 -mfloat-abi=hard -mthumb -Wl,--start-group -lc -lm -Wl,--end-group
Finished building target: _LIB_DMX.elf
 
arm-none-eabi-size  _LIB_DMX.elf 
arm-none-eabi-objdump -h -S _LIB_DMX.elf  > "_LIB_DMX.list"
   text	   data	    bss	    dec	    hex	filename
   2268	     12	   2100	   4380	   111c	_LIB_DMX.elf
Finished building: default.size.stdout
 
Finished building: _LIB_DMX.list
 
23:24:00 **** Incremental Build of configuration Debug for project _LIB_DMX ****
make -j20 all 
arm-none-eabi-gcc "../Core/Src/main.c" -mcpu=cortex-m4 -std=gnu11 -DDEBUG -DUSE_HAL_DRIVER -DSTM32F446xx -c -I../Core/Inc -I../Drivers/STM32F4xx_HAL_Driver/Inc -I../Drivers/STM32F4xx_HAL_Driver/Inc/Legacy -I../Drivers/CMSIS/Device/ST/STM32F4xx/Include -I../Drivers/CMSIS/Include -O0 -ffunction-sections -fdata-sections -Wall -fstack-usage -fcyclomatic-complexity -MMD -MP -MF"Core/Src/main.d" -MT"Core/Src/main.o" --specs=nano.specs -mfpu=fpv4-sp-d16 -mfloat-abi=hard -mthumb -o "Core/Src/main.o"
../Core/Src/main.c: In function '_init_DMA':
../Core/Src/main.c:257:22: warning: assignment to 'uint32_t' {aka 'long unsigned int'} from 'uint8_t *' {aka 'unsigned char *'} makes integer from pointer without a cast [-Wint-conversion]
  257 |   DMA2_Stream7->M0AR = &outputStr[0];           // (11)
      |                      ^
../Core/Src/main.c: In function 'DMXHeadUpdate':
../Core/Src/main.c:373:31: warning: passing argument 1 of 'UART1DataTx' makes pointer from integer without a cast [-Wint-conversion]
  373 |   return (int8_t)UART1DataTx( *colors, numOfHead);      // (1)
      |                               ^~~~~~~
      |                               |
      |                               uint8_t {aka unsigned char}
../Core/Src/main.c:301:31: note: expected 'uint8_t *' {aka 'unsigned char *'} but argument is of type 'uint8_t' {aka 'unsigned char'}
  301 | int32_t UART1DataTx( uint8_t *data, uint16_t buffSize)
      |                      ~~~~~~~~~^~~~
At top level:
../Core/Src/main.c:277:13: warning: 'DMADisable' defined but not used [-Wunused-function]
  277 | static void DMADisable( void )
      |             ^~~~~~~~~~
arm-none-eabi-gcc -o "_LIB_DMX.elf" @"objects.list"   -mcpu=cortex-m4 -T"D:\Projects\STP\Blender\Firmware\v1_20231222\Design Folder\_LIB_DMX\STM32F446RCTX_FLASH.ld" --specs=nosys.specs -Wl,-Map="_LIB_DMX.map" -Wl,--gc-sections -static --specs=nano.specs -mfpu=fpv4-sp-d16 -mfloat-abi=hard -mthumb -Wl,--start-group -lc -lm -Wl,--end-group
Finished building target: _LIB_DMX.elf
 
arm-none-eabi-size  _LIB_DMX.elf 
arm-none-eabi-objdump -h -S _LIB_DMX.elf  > "_LIB_DMX.list"
   text	   data	    bss	    dec	    hex	filename
   2268	     12	   2100	   4380	   111c	_LIB_DMX.elf
Finished building: default.size.stdout
 
Finished building: _LIB_DMX.list
 
23:26:30 **** Incremental Build of configuration Debug for project _LIB_DMX ****
make -j20 all 
arm-none-eabi-gcc "../Core/Src/main.c" -mcpu=cortex-m4 -std=gnu11 -DDEBUG -DUSE_HAL_DRIVER -DSTM32F446xx -c -I../Core/Inc -I../Drivers/STM32F4xx_HAL_Driver/Inc -I../Drivers/STM32F4xx_HAL_Driver/Inc/Legacy -I../Drivers/CMSIS/Device/ST/STM32F4xx/Include -I../Drivers/CMSIS/Include -O0 -ffunction-sections -fdata-sections -Wall -fstack-usage -fcyclomatic-complexity -MMD -MP -MF"Core/Src/main.d" -MT"Core/Src/main.o" --specs=nano.specs -mfpu=fpv4-sp-d16 -mfloat-abi=hard -mthumb -o "Core/Src/main.o"
../Core/Src/main.c: In function '_init_DMA':
../Core/Src/main.c:257:22: warning: assignment to 'uint32_t' {aka 'long unsigned int'} from 'uint8_t *' {aka 'unsigned char *'} makes integer from pointer without a cast [-Wint-conversion]
  257 |   DMA2_Stream7->M0AR = &outputStr[0];           // (11)
      |                      ^
../Core/Src/main.c: In function 'DMXHeadUpdate':
../Core/Src/main.c:373:31: warning: passing argument 1 of 'UART1DataTx' makes pointer from integer without a cast [-Wint-conversion]
  373 |   return (int8_t)UART1DataTx( *colors, numOfHead);      // (1)
      |                               ^~~~~~~
      |                               |
      |                               uint8_t {aka unsigned char}
../Core/Src/main.c:301:31: note: expected 'uint8_t *' {aka 'unsigned char *'} but argument is of type 'uint8_t' {aka 'unsigned char'}
  301 | int32_t UART1DataTx( uint8_t *data, uint16_t buffSize)
      |                      ~~~~~~~~~^~~~
At top level:
../Core/Src/main.c:277:13: warning: 'DMADisable' defined but not used [-Wunused-function]
  277 | static void DMADisable( void )
      |             ^~~~~~~~~~
arm-none-eabi-gcc -o "_LIB_DMX.elf" @"objects.list"   -mcpu=cortex-m4 -T"D:\Projects\STP\Blender\Firmware\v1_20231222\Design Folder\_LIB_DMX\STM32F446RCTX_FLASH.ld" --specs=nosys.specs -Wl,-Map="_LIB_DMX.map" -Wl,--gc-sections -static --specs=nano.specs -mfpu=fpv4-sp-d16 -mfloat-abi=hard -mthumb -Wl,--start-group -lc -lm -Wl,--end-group
Finished building target: _LIB_DMX.elf
 
arm-none-eabi-size  _LIB_DMX.elf 
arm-none-eabi-objdump -h -S _LIB_DMX.elf  > "_LIB_DMX.list"
   text	   data	    bss	    dec	    hex	filename
   2268	     12	   2100	   4380	   111c	_LIB_DMX.elf
Finished building: default.size.stdout
 
Finished building: _LIB_DMX.list
 
23:41:16 **** Incremental Build of configuration Debug for project _LIB_DMX ****
make -j20 all 
arm-none-eabi-size  _LIB_DMX.elf 
   text	   data	    bss	    dec	    hex	filename
   2268	     12	   2100	   4380	   111c	_LIB_DMX.elf
Finished building: default.size.stdout
 
23:42:31 **** Incremental Build of configuration Debug for project _LIB_DMX ****
make -j20 all 
arm-none-eabi-gcc "../Core/Src/main.c" -mcpu=cortex-m4 -std=gnu11 -DDEBUG -DUSE_HAL_DRIVER -DSTM32F446xx -c -I../Core/Inc -I../Drivers/STM32F4xx_HAL_Driver/Inc -I../Drivers/STM32F4xx_HAL_Driver/Inc/Legacy -I../Drivers/CMSIS/Device/ST/STM32F4xx/Include -I../Drivers/CMSIS/Include -O0 -ffunction-sections -fdata-sections -Wall -fstack-usage -fcyclomatic-complexity -MMD -MP -MF"Core/Src/main.d" -MT"Core/Src/main.o" --specs=nano.specs -mfpu=fpv4-sp-d16 -mfloat-abi=hard -mthumb -o "Core/Src/main.o"
../Core/Src/main.c: In function '_init_DMA':
../Core/Src/main.c:257:22: warning: assignment to 'uint32_t' {aka 'long unsigned int'} from 'uint8_t *' {aka 'unsigned char *'} makes integer from pointer without a cast [-Wint-conversion]
  257 |   DMA2_Stream7->M0AR = &outputStr[0];           // (11)
      |                      ^
../Core/Src/main.c: In function 'DMXHeadUpdate':
../Core/Src/main.c:373:31: warning: passing argument 1 of 'UART1DataTx' makes pointer from integer without a cast [-Wint-conversion]
  373 |   return (int8_t)UART1DataTx( *colors, numOfHead);      // (1)
      |                               ^~~~~~~
      |                               |
      |                               uint8_t {aka unsigned char}
../Core/Src/main.c:301:31: note: expected 'uint8_t *' {aka 'unsigned char *'} but argument is of type 'uint8_t' {aka 'unsigned char'}
  301 | int32_t UART1DataTx( uint8_t *data, uint16_t buffSize)
      |                      ~~~~~~~~~^~~~
At top level:
../Core/Src/main.c:277:13: warning: 'DMADisable' defined but not used [-Wunused-function]
  277 | static void DMADisable( void )
      |             ^~~~~~~~~~
arm-none-eabi-gcc -o "_LIB_DMX.elf" @"objects.list"   -mcpu=cortex-m4 -T"D:\Projects\STP\Blender\Firmware\v1_20231222\Design Folder\_LIB_DMX\STM32F446RCTX_FLASH.ld" --specs=nosys.specs -Wl,-Map="_LIB_DMX.map" -Wl,--gc-sections -static --specs=nano.specs -mfpu=fpv4-sp-d16 -mfloat-abi=hard -mthumb -Wl,--start-group -lc -lm -Wl,--end-group
Finished building target: _LIB_DMX.elf
 
arm-none-eabi-size  _LIB_DMX.elf 
arm-none-eabi-objdump -h -S _LIB_DMX.elf  > "_LIB_DMX.list"
   text	   data	    bss	    dec	    hex	filename
   2268	     12	   2100	   4380	   111c	_LIB_DMX.elf
Finished building: default.size.stdout
 
Finished building: _LIB_DMX.list
 
23:44:11 **** Incremental Build of configuration Debug for project _LIB_DMX ****
make -j20 all 
[...]
  379 |   return UART1DataTx( *colors, numOfHead);      // (1)
      |                       ^~~~~~~
      |                       |
      |                       uint8_t {aka unsigned char}
../Core/Src/main.c:292:31: note: expected 'uint8_t *' {aka 'unsigned char *'} but argument is of type 'uint8_t' {aka 'unsigned char'}
  292 | int32_t UART1DataTx( uint8_t *data, uint16_t buffSize)
      |                      ~~~~~~~~~^~~~
At top level:
../Core/Src/main.c:268:13: warning: 'DMADisable' defined but not used [-Wunused-function]
  268 | static void DMADisable( void )
      |             ^~~~~~~~~~
arm-none-eabi-gcc -o "_LIB_DMX.elf" @"objects.list"   -mcpu=cortex-m4 -T"D:\Projects\STP\Blender\Firmware\v1_20231222\Design Folder\_LIB_DMX\STM32F446RCTX_FLASH.ld" --specs=nosys.specs -Wl,-Map="_LIB_DMX.map" -Wl,--gc-sections -static --specs=nano.specs -mfpu=fpv4-sp-d16 -mfloat-abi=hard -mthumb -Wl,--start-group -lc -lm -Wl,--end-group
Finished building target: _LIB_DMX.elf
 
arm-none-eabi-size  _LIB_DMX.elf 
arm-none-eabi-objdump -h -S _LIB_DMX.elf  > "_LIB_DMX.list"
   text	   data	    bss	    dec	    hex	filename
   2224	     12	   2092	   4328	   10e8	_LIB_DMX.elf
Finished building: default.size.stdout
 
Finished building: _LIB_DMX.list
 
02:27:37 **** Incremental Build of configuration Debug for project _LIB_DMX ****
make -j20 all 
arm-none-eabi-gcc "../Core/Src/main.c" -mcpu=cortex-m4 -std=c99 -DDEBUG -DUSE_HAL_DRIVER -DSTM32F446xx -c -I../Core/Inc -I../Drivers/STM32F4xx_HAL_Driver/Inc -I../Drivers/STM32F4xx_HAL_Driver/Inc/Legacy -I../Drivers/CMSIS/Device/ST/STM32F4xx/Include -I../Drivers/CMSIS/Include -O0 -ffunction-sections -fdata-sections -Wall -fstack-usage -fcyclomatic-complexity -MMD -MP -MF"Core/Src/main.d" -MT"Core/Src/main.o" --specs=nano.specs -mfpu=fpv4-sp-d16 -mfloat-abi=hard -mthumb -o "Core/Src/main.o"
../Core/Src/main.c: In function '_init_DMA':
../Core/Src/main.c:248:22: warning: assignment to 'uint32_t' {aka 'long unsigned int'} from 'volatile uint8_t *' {aka 'volatile unsigned char *'} makes integer from pointer without a cast [-Wint-conversion]
  248 |   DMA2_Stream7->M0AR = &outputStr[0];           // (11)
      |                      ^
../Core/Src/main.c: In function 'DMXHeadUpdate':
../Core/Src/main.c:379:23: warning: passing argument 1 of 'UART1DataTx' makes pointer from integer without a cast [-Wint-conversion]
  379 |   return UART1DataTx( *colors, numOfHead);      // (1)
      |                       ^~~~~~~
      |                       |
      |                       uint8_t {aka unsigned char}
../Core/Src/main.c:292:31: note: expected 'uint8_t *' {aka 'unsigned char *'} but argument is of type 'uint8_t' {aka 'unsigned char'}
  292 | int32_t UART1DataTx( uint8_t *data, uint16_t buffSize)
      |                      ~~~~~~~~~^~~~
At top level:
../Core/Src/main.c:268:13: warning: 'DMADisable' defined but not used [-Wunused-function]
  268 | static void DMADisable( void )
      |             ^~~~~~~~~~
arm-none-eabi-gcc -o "_LIB_DMX.elf" @"objects.list"   -mcpu=cortex-m4 -T"D:\Projects\STP\Blender\Firmware\v1_20231222\Design Folder\_LIB_DMX\STM32F446RCTX_FLASH.ld" --specs=nosys.specs -Wl,-Map="_LIB_DMX.map" -Wl,--gc-sections -static --specs=nano.specs -mfpu=fpv4-sp-d16 -mfloat-abi=hard -mthumb -Wl,--start-group -lc -lm -Wl,--end-group
Finished building target: _LIB_DMX.elf
 
arm-none-eabi-size  _LIB_DMX.elf 
arm-none-eabi-objdump -h -S _LIB_DMX.elf  > "_LIB_DMX.list"
   text	   data	    bss	    dec	    hex	filename
   2224	     12	   2092	   4328	   10e8	_LIB_DMX.elf
Finished building: default.size.stdout
 
Finished building: _LIB_DMX.list
 
02:27:47 **** Incremental Build of configuration Debug for project _LIB_DMX ****
make -j20 all 
arm-none-eabi-size  _LIB_DMX.elf 
   text	   data	    bss	    dec	    hex	filename
   2224	     12	   2092	   4328	   10e8	_LIB_DMX.elf
Finished building: default.size.stdout
 
02:30:54 **** Incremental Build of configuration Debug for project _LIB_DMX ****
make -j20 all 
arm-none-eabi-gcc "../Core/Src/main.c" -mcpu=cortex-m4 -std=c99 -DDEBUG -DUSE_HAL_DRIVER -DSTM32F446xx -c -I../Core/Inc -I../Drivers/STM32F4xx_HAL_Driver/Inc -I../Drivers/STM32F4xx_HAL_Driver/Inc/Legacy -I../Drivers/CMSIS/Device/ST/STM32F4xx/Include -I../Drivers/CMSIS/Include -O0 -ffunction-sections -fdata-sections -Wall -fstack-usage -fcyclomatic-complexity -MMD -MP -MF"Core/Src/main.d" -MT"Core/Src/main.o" --specs=nano.specs -mfpu=fpv4-sp-d16 -mfloat-abi=hard -mthumb -o "Core/Src/main.o"
../Core/Src/main.c: In function '_init_DMA':
../Core/Src/main.c:249:22: warning: assignment to 'uint32_t' {aka 'long unsigned int'} from 'uint8_t *' {aka 'unsigned char *'} makes integer from pointer without a cast [-Wint-conversion]
  249 |   DMA2_Stream7->M0AR = &dmx_ch_1.startCode;             // (11)
      |                      ^
../Core/Src/main.c: In function 'DMXHeadUpdate':
../Core/Src/main.c:378:24: error: 'colors' undeclared (first use in this function); did you mean 'dmx_colors'?
  378 |   return UART1DataTx( *colors, numOfHead);      // (1)
      |                        ^~~~~~
      |                        dmx_colors
../Core/Src/main.c:378:24: note: each undeclared identifier is reported only once for each function it appears in
../Core/Src/main.c:379:1: warning: control reaches end of non-void function [-Wreturn-type]
  379 | }
      | ^
At top level:
../Core/Src/main.c:269:13: warning: 'DMADisable' defined but not used [-Wunused-function]
  269 | static void DMADisable( void )
      |             ^~~~~~~~~~
make: *** [Core/Src/subdir.mk:34: Core/Src/main.o] Error 1
"make -j20 all" terminated with exit code 2. Build might be incomplete.
02:31:20 **** Incremental Build of configuration Debug for project _LIB_DMX ****
make -j20 all 
arm-none-eabi-gcc "../Core/Src/main.c" -mcpu=cortex-m4 -std=c99 -DDEBUG -DUSE_HAL_DRIVER -DSTM32F446xx -c -I../Core/Inc -I../Drivers/STM32F4xx_HAL_Driver/Inc -I../Drivers/STM32F4xx_HAL_Driver/Inc/Legacy -I../Drivers/CMSIS/Device/ST/STM32F4xx/Include -I../Drivers/CMSIS/Include -O0 -ffunction-sections -fdata-sections -Wall -fstack-usage -fcyclomatic-complexity -MMD -MP -MF"Core/Src/main.d" -MT"Core/Src/main.o" --specs=nano.specs -mfpu=fpv4-sp-d16 -mfloat-abi=hard -mthumb -o "Core/Src/main.o"
../Core/Src/main.c: In function '_init_DMA':
../Core/Src/main.c:249:22: warning: assignment to 'uint32_t' {aka 'long unsigned int'} from 'uint8_t *' {aka 'unsigned char *'} makes integer from pointer without a cast [-Wint-conversion]
  249 |   DMA2_Stream7->M0AR = &dmx_ch_1.startCode;             // (11)
      |                      ^
At top level:
../Core/Src/main.c:269:13: warning: 'DMADisable' defined but not used [-Wunused-function]
  269 | static void DMADisable( void )
      |             ^~~~~~~~~~
arm-none-eabi-gcc -o "_LIB_DMX.elf" @"objects.list"   -mcpu=cortex-m4 -T"D:\Projects\STP\Blender\Firmware\v1_20231222\Design Folder\_LIB_DMX\STM32F446RCTX_FLASH.ld" --specs=nosys.specs -Wl,-Map="_LIB_DMX.map" -Wl,--gc-sections -static --specs=nano.specs -mfpu=fpv4-sp-d16 -mfloat-abi=hard -mthumb -Wl,--start-group -lc -lm -Wl,--end-group
Finished building target: _LIB_DMX.elf
 
arm-none-eabi-size  _LIB_DMX.elf 
arm-none-eabi-objdump -h -S _LIB_DMX.elf  > "_LIB_DMX.list"
   text	   data	    bss	    dec	    hex	filename
   2168	     12	   1596	   3776	    ec0	_LIB_DMX.elf
Finished building: default.size.stdout
 
Finished building: _LIB_DMX.list
 
02:32:01 **** Incremental Build of configuration Debug for project _LIB_DMX ****
make -j20 all 
arm-none-eabi-gcc "../Core/Src/main.c" -mcpu=cortex-m4 -std=c99 -DDEBUG -DUSE_HAL_DRIVER -DSTM32F446xx -c -I../Core/Inc -I../Drivers/STM32F4xx_HAL_Driver/Inc -I../Drivers/STM32F4xx_HAL_Driver/Inc/Legacy -I../Drivers/CMSIS/Device/ST/STM32F4xx/Include -I../Drivers/CMSIS/Include -O0 -ffunction-sections -fdata-sections -Wall -fstack-usage -fcyclomatic-complexity -MMD -MP -MF"Core/Src/main.d" -MT"Core/Src/main.o" --specs=nano.specs -mfpu=fpv4-sp-d16 -mfloat-abi=hard -mthumb -o "Core/Src/main.o"
../Core/Src/main.c: In function '_init_DMA':
../Core/Src/main.c:249:22: warning: assignment to 'uint32_t' {aka 'long unsigned int'} from 'uint8_t *' {aka 'unsigned char *'} makes integer from pointer without a cast [-Wint-conversion]
  249 |   DMA2_Stream7->M0AR = &dmx_ch_1.startCode;             // (11)
      |                      ^
At top level:
../Core/Src/main.c:269:13: warning: 'DMADisable' defined but not used [-Wunused-function]
  269 | static void DMADisable( void )
      |             ^~~~~~~~~~
arm-none-eabi-gcc -o "_LIB_DMX.elf" @"objects.list"   -mcpu=cortex-m4 -T"D:\Projects\STP\Blender\Firmware\v1_20231222\Design Folder\_LIB_DMX\STM32F446RCTX_FLASH.ld" --specs=nosys.specs -Wl,-Map="_LIB_DMX.map" -Wl,--gc-sections -static --specs=nano.specs -mfpu=fpv4-sp-d16 -mfloat-abi=hard -mthumb -Wl,--start-group -lc -lm -Wl,--end-group
Finished building target: _LIB_DMX.elf
 
arm-none-eabi-size  _LIB_DMX.elf 
arm-none-eabi-objdump -h -S _LIB_DMX.elf  > "_LIB_DMX.list"
   text	   data	    bss	    dec	    hex	filename
   2260	     12	   1596	   3868	    f1c	_LIB_DMX.elf
Finished building: default.size.stdout
 
Finished building: _LIB_DMX.list
 
02:33:27 **** Incremental Build of configuration Debug for project _LIB_DMX ****
make -j20 all 
arm-none-eabi-gcc "../Core/Src/main.c" -mcpu=cortex-m4 -std=c99 -DDEBUG -DUSE_HAL_DRIVER -DSTM32F446xx -c -I../Core/Inc -I../Drivers/STM32F4xx_HAL_Driver/Inc -I../Drivers/STM32F4xx_HAL_Driver/Inc/Legacy -I../Drivers/CMSIS/Device/ST/STM32F4xx/Include -I../Drivers/CMSIS/Include -O0 -ffunction-sections -fdata-sections -Wall -fstack-usage -fcyclomatic-complexity -MMD -MP -MF"Core/Src/main.d" -MT"Core/Src/main.o" --specs=nano.specs -mfpu=fpv4-sp-d16 -mfloat-abi=hard -mthumb -o "Core/Src/main.o"
../Core/Src/main.c: In function '_init_DMA':
../Core/Src/main.c:249:22: warning: assignment to 'uint32_t' {aka 'long unsigned int'} from 'uint8_t *' {aka 'unsigned char *'} makes integer from pointer without a cast [-Wint-conversion]
  249 |   DMA2_Stream7->M0AR = &dmx_ch_1.startCode;             // (11)
      |                      ^
At top level:
../Core/Src/main.c:269:13: warning: 'DMADisable' defined but not used [-Wunused-function]
  269 | static void DMADisable( void )
      |             ^~~~~~~~~~
arm-none-eabi-gcc -o "_LIB_DMX.elf" @"objects.list"   -mcpu=cortex-m4 -T"D:\Projects\STP\Blender\Firmware\v1_20231222\Design Folder\_LIB_DMX\STM32F446RCTX_FLASH.ld" --specs=nosys.specs -Wl,-Map="_LIB_DMX.map" -Wl,--gc-sections -static --specs=nano.specs -mfpu=fpv4-sp-d16 -mfloat-abi=hard -mthumb -Wl,--start-group -lc -lm -Wl,--end-group
Finished building target: _LIB_DMX.elf
 
arm-none-eabi-size  _LIB_DMX.elf 
arm-none-eabi-objdump -h -S _LIB_DMX.elf  > "_LIB_DMX.list"
   text	   data	    bss	    dec	    hex	filename
   2208	     12	   1596	   3816	    ee8	_LIB_DMX.elf
Finished building: default.size.stdout
 
Finished building: _LIB_DMX.list
 
02:34:16 **** Incremental Build of configuration Debug for project _LIB_DMX ****
make -j20 all 
arm-none-eabi-gcc "../Core/Src/main.c" -mcpu=cortex-m4 -std=c99 -DDEBUG -DUSE_HAL_DRIVER -DSTM32F446xx -c -I../Core/Inc -I../Drivers/STM32F4xx_HAL_Driver/Inc -I../Drivers/STM32F4xx_HAL_Driver/Inc/Legacy -I../Drivers/CMSIS/Device/ST/STM32F4xx/Include -I../Drivers/CMSIS/Include -O0 -ffunction-sections -fdata-sections -Wall -fstack-usage -fcyclomatic-complexity -MMD -MP -MF"Core/Src/main.d" -MT"Core/Src/main.o" --specs=nano.specs -mfpu=fpv4-sp-d16 -mfloat-abi=hard -mthumb -o "Core/Src/main.o"
../Core/Src/main.c: In function '_init_DMA':
../Core/Src/main.c:249:22: warning: assignment to 'uint32_t' {aka 'long unsigned int'} from 'uint8_t *' {aka 'unsigned char *'} makes integer from pointer without a cast [-Wint-conversion]
  249 |   DMA2_Stream7->M0AR = &dmx_ch_1.startCode;             // (11)
      |                      ^
At top level:
../Core/Src/main.c:269:13: warning: 'DMADisable' defined but not used [-Wunused-function]
  269 | static void DMADisable( void )
      |             ^~~~~~~~~~
arm-none-eabi-gcc -o "_LIB_DMX.elf" @"objects.list"   -mcpu=cortex-m4 -T"D:\Projects\STP\Blender\Firmware\v1_20231222\Design Folder\_LIB_DMX\STM32F446RCTX_FLASH.ld" --specs=nosys.specs -Wl,-Map="_LIB_DMX.map" -Wl,--gc-sections -static --specs=nano.specs -mfpu=fpv4-sp-d16 -mfloat-abi=hard -mthumb -Wl,--start-group -lc -lm -Wl,--end-group
Finished building target: _LIB_DMX.elf
 
arm-none-eabi-size  _LIB_DMX.elf 
arm-none-eabi-objdump -h -S _LIB_DMX.elf  > "_LIB_DMX.list"
   text	   data	    bss	    dec	    hex	filename
   2260	     12	   1596	   3868	    f1c	_LIB_DMX.elf
Finished building: default.size.stdout
 
Finished building: _LIB_DMX.list
 
02:35:15 **** Incremental Build of configuration Debug for project _LIB_DMX ****
make -j20 all 
arm-none-eabi-gcc "../Core/Src/main.c" -mcpu=cortex-m4 -std=c99 -DDEBUG -DUSE_HAL_DRIVER -DSTM32F446xx -c -I../Core/Inc -I../Drivers/STM32F4xx_HAL_Driver/Inc -I../Drivers/STM32F4xx_HAL_Driver/Inc/Legacy -I../Drivers/CMSIS/Device/ST/STM32F4xx/Include -I../Drivers/CMSIS/Include -O0 -ffunction-sections -fdata-sections -Wall -fstack-usage -fcyclomatic-complexity -MMD -MP -MF"Core/Src/main.d" -MT"Core/Src/main.o" --specs=nano.specs -mfpu=fpv4-sp-d16 -mfloat-abi=hard -mthumb -o "Core/Src/main.o"
../Core/Src/main.c: In function '_init_DMA':
../Core/Src/main.c:249:22: warning: assignment to 'uint32_t' {aka 'long unsigned int'} from 'uint8_t *' {aka 'unsigned char *'} makes integer from pointer without a cast [-Wint-conversion]
  249 |   DMA2_Stream7->M0AR = &dmx_ch_1.startCode;             // (11)
      |                      ^
At top level:
../Core/Src/main.c:269:13: warning: 'DMADisable' defined but not used [-Wunused-function]
  269 | static void DMADisable( void )
      |             ^~~~~~~~~~
arm-none-eabi-gcc -o "_LIB_DMX.elf" @"objects.list"   -mcpu=cortex-m4 -T"D:\Projects\STP\Blender\Firmware\v1_20231222\Design Folder\_LIB_DMX\STM32F446RCTX_FLASH.ld" --specs=nosys.specs -Wl,-Map="_LIB_DMX.map" -Wl,--gc-sections -static --specs=nano.specs -mfpu=fpv4-sp-d16 -mfloat-abi=hard -mthumb -Wl,--start-group -lc -lm -Wl,--end-group
Finished building target: _LIB_DMX.elf
 
arm-none-eabi-size  _LIB_DMX.elf 
arm-none-eabi-objdump -h -S _LIB_DMX.elf  > "_LIB_DMX.list"
   text	   data	    bss	    dec	    hex	filename
   2260	     12	   1596	   3868	    f1c	_LIB_DMX.elf
Finished building: default.size.stdout
 
Finished building: _LIB_DMX.list
 
02:36:39 **** Incremental Build of configuration Debug for project _LIB_DMX ****
make -j20 all 
arm-none-eabi-gcc "../Core/Src/main.c" -mcpu=cortex-m4 -std=c99 -DDEBUG -DUSE_HAL_DRIVER -DSTM32F446xx -c -I../Core/Inc -I../Drivers/STM32F4xx_HAL_Driver/Inc -I../Drivers/STM32F4xx_HAL_Driver/Inc/Legacy -I../Drivers/CMSIS/Device/ST/STM32F4xx/Include -I../Drivers/CMSIS/Include -O0 -ffunction-sections -fdata-sections -Wall -fstack-usage -fcyclomatic-complexity -MMD -MP -MF"Core/Src/main.d" -MT"Core/Src/main.o" --specs=nano.specs -mfpu=fpv4-sp-d16 -mfloat-abi=hard -mthumb -o "Core/Src/main.o"
../Core/Src/main.c: In function '_init_DMA':
../Core/Src/main.c:249:22: warning: assignment to 'uint32_t' {aka 'long unsigned int'} from 'uint8_t *' {aka 'unsigned char *'} makes integer from pointer without a cast [-Wint-conversion]
  249 |   DMA2_Stream7->M0AR = &dmx_ch_1.startCode;             // (11)
      |                      ^
At top level:
../Core/Src/main.c:269:13: warning: 'DMADisable' defined but not used [-Wunused-function]
  269 | static void DMADisable( void )
      |             ^~~~~~~~~~
arm-none-eabi-gcc -o "_LIB_DMX.elf" @"objects.list"   -mcpu=cortex-m4 -T"D:\Projects\STP\Blender\Firmware\v1_20231222\Design Folder\_LIB_DMX\STM32F446RCTX_FLASH.ld" --specs=nosys.specs -Wl,-Map="_LIB_DMX.map" -Wl,--gc-sections -static --specs=nano.specs -mfpu=fpv4-sp-d16 -mfloat-abi=hard -mthumb -Wl,--start-group -lc -lm -Wl,--end-group
Finished building target: _LIB_DMX.elf
 
arm-none-eabi-size  _LIB_DMX.elf 
arm-none-eabi-objdump -h -S _LIB_DMX.elf  > "_LIB_DMX.list"
   text	   data	    bss	    dec	    hex	filename
   2260	     12	   1596	   3868	    f1c	_LIB_DMX.elf
Finished building: default.size.stdout
 
Finished building: _LIB_DMX.list
 
02:36:48 **** Incremental Build of configuration Debug for project _LIB_DMX ****
make -j20 all 
arm-none-eabi-size  _LIB_DMX.elf 
   text	   data	    bss	    dec	    hex	filename
   2260	     12	   1596	   3868	    f1c	_LIB_DMX.elf
Finished building: default.size.stdout
 
02:37:11 **** Incremental Build of configuration Debug for project _LIB_DMX ****
make -j20 all 
arm-none-eabi-gcc "../Core/Src/main.c" -mcpu=cortex-m4 -std=c99 -DDEBUG -DUSE_HAL_DRIVER -DSTM32F446xx -c -I../Core/Inc -I../Drivers/STM32F4xx_HAL_Driver/Inc -I../Drivers/STM32F4xx_HAL_Driver/Inc/Legacy -I../Drivers/CMSIS/Device/ST/STM32F4xx/Include -I../Drivers/CMSIS/Include -O0 -ffunction-sections -fdata-sections -Wall -fstack-usage -fcyclomatic-complexity -MMD -MP -MF"Core/Src/main.d" -MT"Core/Src/main.o" --specs=nano.specs -mfpu=fpv4-sp-d16 -mfloat-abi=hard -mthumb -o "Core/Src/main.o"
../Core/Src/main.c: In function '_init_DMA':
../Core/Src/main.c:249:22: warning: assignment to 'uint32_t' {aka 'long unsigned int'} from 'uint8_t *' {aka 'unsigned char *'} makes integer from pointer without a cast [-Wint-conversion]
  249 |   DMA2_Stream7->M0AR = &dmx_ch_1.startCode;             // (11)
      |                      ^
At top level:
../Core/Src/main.c:269:13: warning: 'DMADisable' defined but not used [-Wunused-function]
  269 | static void DMADisable( void )
      |             ^~~~~~~~~~
arm-none-eabi-gcc -o "_LIB_DMX.elf" @"objects.list"   -mcpu=cortex-m4 -T"D:\Projects\STP\Blender\Firmware\v1_20231222\Design Folder\_LIB_DMX\STM32F446RCTX_FLASH.ld" --specs=nosys.specs -Wl,-Map="_LIB_DMX.map" -Wl,--gc-sections -static --specs=nano.specs -mfpu=fpv4-sp-d16 -mfloat-abi=hard -mthumb -Wl,--start-group -lc -lm -Wl,--end-group
Finished building target: _LIB_DMX.elf
 
arm-none-eabi-size  _LIB_DMX.elf 
arm-none-eabi-objdump -h -S _LIB_DMX.elf  > "_LIB_DMX.list"
   text	   data	    bss	    dec	    hex	filename
   2260	     12	   1596	   3868	    f1c	_LIB_DMX.elf
Finished building: default.size.stdout
 
Finished building: _LIB_DMX.list
 
02:37:35 **** Incremental Build of configuration Debug for project _LIB_DMX ****
make -j20 all 
arm-none-eabi-gcc "../Core/Src/main.c" -mcpu=cortex-m4 -std=c99 -DDEBUG -DUSE_HAL_DRIVER -DSTM32F446xx -c -I../Core/Inc -I../Drivers/STM32F4xx_HAL_Driver/Inc -I../Drivers/STM32F4xx_HAL_Driver/Inc/Legacy -I../Drivers/CMSIS/Device/ST/STM32F4xx/Include -I../Drivers/CMSIS/Include -O0 -ffunction-sections -fdata-sections -Wall -fstack-usage -fcyclomatic-complexity -MMD -MP -MF"Core/Src/main.d" -MT"Core/Src/main.o" --specs=nano.specs -mfpu=fpv4-sp-d16 -mfloat-abi=hard -mthumb -o "Core/Src/main.o"
../Core/Src/main.c: In function '_init_DMA':
../Core/Src/main.c:249:22: warning: assignment to 'uint32_t' {aka 'long unsigned int'} from 'uint8_t *' {aka 'unsigned char *'} makes integer from pointer without a cast [-Wint-conversion]
  249 |   DMA2_Stream7->M0AR = &dmx_ch_1.startCode;             // (11)
      |                      ^
At top level:
../Core/Src/main.c:269:13: warning: 'DMADisable' defined but not used [-Wunused-function]
  269 | static void DMADisable( void )
      |             ^~~~~~~~~~
arm-none-eabi-gcc -o "_LIB_DMX.elf" @"objects.list"   -mcpu=cortex-m4 -T"D:\Projects\STP\Blender\Firmware\v1_20231222\Design Folder\_LIB_DMX\STM32F446RCTX_FLASH.ld" --specs=nosys.specs -Wl,-Map="_LIB_DMX.map" -Wl,--gc-sections -static --specs=nano.specs -mfpu=fpv4-sp-d16 -mfloat-abi=hard -mthumb -Wl,--start-group -lc -lm -Wl,--end-group
Finished building target: _LIB_DMX.elf
 
arm-none-eabi-size  _LIB_DMX.elf 
arm-none-eabi-objdump -h -S _LIB_DMX.elf  > "_LIB_DMX.list"
   text	   data	    bss	    dec	    hex	filename
   2260	     12	   1596	   3868	    f1c	_LIB_DMX.elf
Finished building: default.size.stdout
 
Finished building: _LIB_DMX.list
 
